[00:52:32.132] [main/INFO] [Launcher/MODLAUNCHER]: ModLauncher running: args [--launchTarget, forgeserver, --fml.neoForgeVersion, 21.1.252, --fml.fmlVersion, 4.0.44, --fml.mcVersion, 1.21.1, --fml.neoFormVersion, 20240808.144430, --nogui] 
[00:52:32.135] [main/INFO] [Launcher/MODLAUNCHER]: JVM identified as Eclipse Adoptium OpenJDK 64-Bit Server VM 21.0.12.1+1-LTS 
[00:52:32.136] [main/INFO] [Launcher/MODLAUNCHER]: ModLauncher 11.0.5+main.901c6ea8 starting: java version 21.0.12.1 by Eclipse Adoptium; OS Windows 10 arch amd64 version 10.0 
[00:52:32.258] [main/INFO] [loading.ImmediateWindowHandler/]: ImmediateWindowProvider not loading because launch target is forgeserver 
[00:52:32.314] [main/INFO] [mixin/]: SpongePowered MIXIN Subsystem Version=0.8.7 Source=union:/<port>/runtime/p35-core-on/libraries/net/fabricmc/sponge-mixin/0.15.2+mixin.0.8.7/sponge-mixin-0.15.2+mixin.0.8.7.jar%2373!/ Service=ModLauncher Env=SERVER 
[00:52:32.602] [main/INFO] [loading.moddiscovery.ModDiscoverer/SCAN]: Found mod file "server-1.21.1-20240808.144430-srg.jar" [locator: production server provider +net.neoforged:neoforge:21.1.252:server] 
[00:52:32.631] [main/INFO] [loading.moddiscovery.ModDiscoverer/SCAN]: Found mod file "neoforge-21.1.252-universal.jar" [locator: PathBasedLocator[name=neoforge, paths=[libraries\net\neoforged\neoforge\21.1.252\neoforge-21.1.252-universal.jar]], reader: mod manifest] 
[00:52:32.635] [main/INFO] [loading.moddiscovery.ModDiscoverer/SCAN]: Found mod file "bons-port-probe-1.jar" [locator: {mods folder locator at <port>\runtime\p35-core-on\mods}, reader: mod manifest] 
[00:52:32.650] [main/INFO] [loading.moddiscovery.ModDiscoverer/SCAN]: Found mod file "bons_and_furious-neoforge-1.0.35+mc1.21.1.jar" [locator: {mods folder locator at <port>\runtime\p35-core-on\mods}, reader: mod manifest] 
[00:52:32.741] [main/INFO] [loading.moddiscovery.locators.JarInJarDependencyLocator/]: Found 4 dependencies adding them to mods collection 
[00:52:32.741] [main/INFO] [loading.moddiscovery.ModDiscoverer/SCAN]: Found gamelibrary file "mixinextras-neoforge-0.5.3.jar" [parent: neoforge-21.1.252-universal.jar, locator: jarinjar, reader: mod manifest] 
[00:52:32.742] [main/INFO] [loading.moddiscovery.ModDiscoverer/SCAN]: Found gamelibrary file "mixinsquared-neoforge-0.3.6-beta.1.jar" [parent: bons_and_furious-neoforge-1.0.35+mc1.21.1.jar, locator: jarinjar, reader: mod manifest] 
[00:52:32.742] [main/INFO] [loading.moddiscovery.ModDiscoverer/SCAN]: Found library file "MixinSquared-0.3.6-beta.1.jar" [parent: mixinsquared-neoforge-0.3.6-beta.1.jar, locator: jarinjar] 
[00:52:32.742] [main/INFO] [loading.moddiscovery.ModDiscoverer/SCAN]: Found library file "net.neoforged.neoforge-coremods-21.1.252.jar" [parent: neoforge-21.1.252-universal.jar, locator: jarinjar, reader: mod manifest] 
[00:52:32.743] [main/INFO] [loading.moddiscovery.ModDiscoverer/]: 
     Mod List:
		Name Version (Mod Id)

		Bons and Furious 1.0.35+mc1.21.1 (bons_and_furious)
		Bons Port Qualification Probe 1 (bons_port_probe)
		Minecraft 1.21.1 (minecraft)
		NeoForge 21.1.252 (neoforge) 
[00:52:33.150] [main/INFO] [mixin/]: Compatibility level set to JAVA_21 
[00:52:33.201] [main/INFO] [LaunchServiceHandler/MODLAUNCHER]: Launching target 'forgeserver' with arguments [--nogui] 
[00:52:33.268] [main/INFO] [Bons and Furious/]: Bons and Furious wrote the default configuration to <port>\runtime\p35-core-on\config\bons_and_furious.properties 
[00:52:33.269] [main/INFO] [Bons and Furious/]: Bons and Furious 1.0.35+mc1.21.1: 171 of 171 optimizations enabled from <port>\runtime\p35-core-on\config\bons_and_furious.properties 
WARN StatusConsoleListener Advanced terminal features are not available in this environment
[00:52:34] [main/INFO] [MixinExtras|Service/]: Initializing MixinExtras via com.llamalad7.mixinextras.service.MixinExtrasServiceImpl(version=0.5.3).
[00:52:38] [modloading-worker-0/INFO] [Bons and Furious/]: Bons and Furious 1.0.35+mc1.21.1 constructed; 0 switch(es) disabled in <port>\runtime\p35-core-on\config\bons_and_furious.properties
[00:52:38] [modloading-worker-0/INFO] [ne.ne.ne.co.NeoForgeMod/NEOFORGE-MOD]: NeoForge mod loading, version 21.1.252, for MC 1.21.1
[00:52:39] [main/INFO] [mojang/YggdrasilAuthenticationService]: Environment: Environment[sessionHost=https://sessionserver.mojang.com, servicesHost=https://api.minecraftservices.com, name=PROD]
[00:52:39] [main/WARN] [minecraft/VanillaPackResourcesBuilder]: Assets URL 'union:/<port>/runtime/p35-core-on/libraries/net/minecraft/server/1.21.1-20240808.144430/server-1.21.1-20240808.144430-srg.jar%23119!/assets/.mcassetsroot' uses unexpected schema
[00:52:39] [main/WARN] [minecraft/VanillaPackResourcesBuilder]: Assets URL 'union:/<port>/runtime/p35-core-on/libraries/net/minecraft/server/1.21.1-20240808.144430/server-1.21.1-20240808.144430-srg.jar%23119!/data/.mcassetsroot' uses unexpected schema
[00:52:39] [main/INFO] [Bons and Furious/]: Bons and Furious: vanilla_climate_tree_span_bounds computes climate subtree ranges without intermediate objects
[00:52:39] [main/INFO] [Bons and Furious/]: Bons and Furious: vanilla_climate_tree_sort_keys sorts climate search tree nodes by precomputed keys
[00:52:39] [main/INFO] [minecraft/Main]: No existing world data, creating new world
[00:52:40] [main/INFO] [minecraft/RecipeManager]: Loaded 1290 recipes
[00:52:40] [main/INFO] [minecraft/AdvancementTree]: Loaded 1399 advancements
[00:52:40] [Server thread/INFO] [minecraft/DedicatedServer]: Starting minecraft server version 1.21.1
[00:52:40] [Server thread/INFO] [minecraft/DedicatedServer]: Loading properties
[00:52:40] [Server thread/INFO] [minecraft/DedicatedServer]: Default game type: SURVIVAL
[00:52:40] [Server thread/INFO] [minecraft/MinecraftServer]: Generating keypair
[00:52:41] [Server thread/INFO] [minecraft/DedicatedServer]: Starting Minecraft server on *:25579
[00:52:41] [Server thread/INFO] [minecraft/ServerConnectionListener]: Using default channel type
[00:52:41] [Server thread/WARN] [minecraft/DedicatedServer]: **** SERVER IS RUNNING IN OFFLINE/INSECURE MODE!
[00:52:41] [Server thread/WARN] [minecraft/DedicatedServer]: The server will make no attempt to authenticate usernames. Beware.
[00:52:41] [Server thread/WARN] [minecraft/DedicatedServer]: While this makes the game possible to play without internet access, it also opens up the ability for hackers to connect with any username they choose.
[00:52:41] [Server thread/WARN] [minecraft/DedicatedServer]: To change this, set "online-mode" to "true" in the server.properties file.
[00:52:41] [Server thread/INFO] [minecraft/DedicatedServer]: Preparing level "world"
[00:52:41] [Server thread/INFO] [Bons and Furious/]: Bons and Furious: vanilla_entity_class_count_layer counts 4 entity classes per level for crittersandcompanions_red_panda_gate and fdbosses_spawner_presence_gate
[00:52:41] [Worker-Main-9/INFO] [bo.fu.pa.cl.ClimateParts/]: Bons and Furious: vanilla_climate_sample_xz_parts remembers 9 two-dimensional parts of a climate sampler per column
[00:52:41] [Worker-Main-12/INFO] [Bons and Furious/]: Bons and Furious: vanilla_tag_membership_ids applies (tag tests compare tag numbers; each holder's numbers follow its current tag set)
[00:52:41] [Worker-Main-17/INFO] [bo.fu.pa.wo.AquiferCandidates/]: Bons and Furious: vanilla_aquifer_candidate_cache applies (aquifer candidates ranked from a per-cell table, with vanilla_aquifer_high_air's early air return)
[00:52:41] [Worker-Main-17/INFO] [Bons and Furious/]: Bons and Furious: vanilla_block_state_air_flag remembers isAir in each block state
[00:52:42] [Worker-Main-16/INFO] [bo.fu.pa.be.EmptyBeardifiers/]: Bons and Furious: worldgen_empty_beardifier_marker applies (no other mod changes Beardifier; 0 adaptation slots checked per chunk)
[00:52:42] [Worker-Main-16/INFO] [bo.fu.pa.be.EmptyBeardifiers/]: Bons and Furious: worldgen_empty_beardifier_marker flagged its first chunk without nearby structure pieces (the empty beardifier is filled without a per-block loop)
[00:52:43] [Server thread/INFO] [bo.fu.pa.ch.TickingChunkMemo/]: Bons and Furious: vanilla_ticking_chunk_memo applies (each chunk holder remembers its ticking chunk until its future changes)
[00:52:43] [Server thread/INFO] [minecraft/MinecraftServer]: Preparing start region for dimension minecraft:overworld
[00:52:43] [Worker-Main-5/INFO] [minecraft/LoggerChunkProgressListener]: Preparing spawn area: 2%
[00:52:44] [Worker-Main-13/INFO] [minecraft/LoggerChunkProgressListener]: Preparing spawn area: 2%
[00:52:44] [Worker-Main-4/INFO] [minecraft/LoggerChunkProgressListener]: Preparing spawn area: 18%
[00:52:45] [Worker-Main-7/INFO] [minecraft/LoggerChunkProgressListener]: Preparing spawn area: 51%
[00:52:45] [Server thread/INFO] [minecraft/LoggerChunkProgressListener]: Time elapsed: 1877 ms
[00:52:45] [Server thread/INFO] [minecraft/DedicatedServer]: Done (4.612s)! For help, type "help"
[00:52:45] [Server thread/INFO] [ne.ne.ne.se.pe.PermissionAPI/]: Successfully initialized permission handler neoforge:default_handler
[00:52:49] [Worker-Main-20/INFO] [bo.fu.pa.cl.ClimateParts/]: Bons and Furious: vanilla_climate_sample_xz_parts remembers 8 two-dimensional parts of a climate sampler per column
[00:52:51] [Worker-Main-20/INFO] [bo.fu.pa.wo.BeardifierBounds/]: Bons and Furious: vanilla_beardifier_influence_bounds filtered its first structure chunk (1 pieces, 0 junctions; terms outside their reach are skipped)
BONS_PORT_PROBE_PASS {minecraft:overworld={blocks=1572864, biome_sha256=50e6dc9cbd3c851c624712b8d5d2bcc28c63356385b175a9ee998c957940319c, block_sha256=0eafea7c8b6f446f4e88c174ee4d8fdcfe8c3da6aca2c39e08d95edb6d13b106}, minecraft:the_nether={blocks=1048576, biome_sha256=84aa2bb086016c6e429b19c4de4c583b9e689850f9c4ba4b873bdf0255974671, block_sha256=60fef7ef38f27e290e7b9d412caceb733281b4b9d75c3ca5a7805da29d5cba40}, minecraft:the_end={blocks=1048576, biome_sha256=eae83cb8cb5b7d97099ec4d466253b58734967dc5b4ebe7bbad9ad671f7ad498, block_sha256=d0654dfd0a7fafe21ee39e795c2992d1914c4d7ea25a306aa65b7217601e4988}}
[00:52:53] [Server thread/INFO] [minecraft/MinecraftServer]: Stopping server
[00:52:53] [Server thread/INFO] [minecraft/MinecraftServer]: Saving players
[00:52:53] [Server thread/INFO] [minecraft/MinecraftServer]: Saving worlds
[00:52:53] [Bons and Furious mob class warm-up/INFO] [Bons and Furious/]: Bons and Furious: mob class warm-up loaded and linked 1290 classes (129 entity, 332 mod AI, 829 vanilla entity/AI) in 319 ms on a background thread
[00:52:54] [Server thread/INFO] [minecraft/MinecraftServer]: Saving chunks for level 'ServerLevel[world]'/minecraft:overworld
[00:52:54] [Server thread/INFO] [minecraft/MinecraftServer]: Saving chunks for level 'ServerLevel[world]'/minecraft:the_nether
[00:52:54] [Server thread/INFO] [minecraft/MinecraftServer]: Saving chunks for level 'ServerLevel[world]'/minecraft:the_end
[00:52:54] [Server thread/INFO] [minecraft/MinecraftServer]: ThreadedAnvilChunkStorage (world): All chunks are saved
[00:52:54] [Server thread/INFO] [minecraft/MinecraftServer]: ThreadedAnvilChunkStorage (DIM-1): All chunks are saved
[00:52:54] [Server thread/INFO] [minecraft/MinecraftServer]: ThreadedAnvilChunkStorage (DIM1): All chunks are saved
[00:52:54] [Server thread/INFO] [minecraft/MinecraftServer]: ThreadedAnvilChunkStorage: All dimensions are saved
