[01:16:05.043] [main/INFO] [Launcher/MODLAUNCHER]: ModLauncher running: args [--launchTarget, forgeserver, --fml.neoForgeVersion, 21.1.252, --fml.fmlVersion, 4.0.44, --fml.mcVersion, 1.21.1, --fml.neoFormVersion, 20240808.144430, --nogui] 
[01:16:05.046] [main/INFO] [Launcher/MODLAUNCHER]: JVM identified as Eclipse Adoptium OpenJDK 64-Bit Server VM 21.0.12.1+1-LTS 
[01:16:05.047] [main/INFO] [Launcher/MODLAUNCHER]: ModLauncher 11.0.5+main.901c6ea8 starting: java version 21.0.12.1 by Eclipse Adoptium; OS Windows 10 arch amd64 version 10.0 
[01:16:05.167] [main/INFO] [loading.ImmediateWindowHandler/]: ImmediateWindowProvider not loading because launch target is forgeserver 
[01:16:05.223] [main/INFO] [mixin/]: SpongePowered MIXIN Subsystem Version=0.8.7 Source=union:/<port>/runtime/p35-ga-off3/libraries/net/fabricmc/sponge-mixin/0.15.2+mixin.0.8.7/sponge-mixin-0.15.2+mixin.0.8.7.jar%2373!/ Service=ModLauncher Env=SERVER 
[01:16:05.493] [main/INFO] [loading.moddiscovery.ModDiscoverer/SCAN]: Found mod file "server-1.21.1-20240808.144430-srg.jar" [locator: production server provider +net.neoforged:neoforge:21.1.252:server] 
[01:16:05.512] [main/INFO] [loading.moddiscovery.ModDiscoverer/SCAN]: Found mod file "neoforge-21.1.252-universal.jar" [locator: PathBasedLocator[name=neoforge, paths=[libraries\net\neoforged\neoforge\21.1.252\neoforge-21.1.252-universal.jar]], reader: mod manifest] 
[01:16:05.516] [main/INFO] [loading.moddiscovery.ModDiscoverer/SCAN]: Found mod file "bons-port-probe-1.jar" [locator: {mods folder locator at <port>\runtime\p35-ga-off3\mods}, reader: mod manifest] 
[01:16:05.529] [main/INFO] [loading.moddiscovery.ModDiscoverer/SCAN]: Found mod file "bons_and_furious-neoforge-1.0.35+mc1.21.1.jar" [locator: {mods folder locator at <port>\runtime\p35-ga-off3\mods}, reader: mod manifest] 
[01:16:05.535] [main/INFO] [loading.moddiscovery.ModDiscoverer/SCAN]: Found mod file "generator-accelerator-1.6.2.jar" [locator: {mods folder locator at <port>\runtime\p35-ga-off3\mods}, reader: mod manifest] 
[01:16:05.670] [main/INFO] [loading.moddiscovery.locators.JarInJarDependencyLocator/]: Found 7 dependencies adding them to mods collection 
[01:16:05.670] [main/INFO] [loading.moddiscovery.ModDiscoverer/SCAN]: Found gamelibrary file "mixinextras-neoforge-0.5.3.jar" [parent: neoforge-21.1.252-universal.jar, locator: jarinjar, reader: mod manifest] 
[01:16:05.670] [main/INFO] [loading.moddiscovery.ModDiscoverer/SCAN]: Found library file "caffeine-3.1.8.jar" [parent: generator-accelerator-1.6.2.jar, locator: jarinjar] 
[01:16:05.670] [main/INFO] [loading.moddiscovery.ModDiscoverer/SCAN]: Found library file "jctools-core-v4.0.3.jar" [parent: generator-accelerator-1.6.2.jar, locator: jarinjar] 
[01:16:05.671] [main/INFO] [loading.moddiscovery.ModDiscoverer/SCAN]: Found gamelibrary file "mixinsquared-neoforge-0.3.7-beta.1.jar" [parent: generator-accelerator-1.6.2.jar, locator: jarinjar, reader: mod manifest] 
[01:16:05.671] [main/INFO] [loading.moddiscovery.ModDiscoverer/SCAN]: Found library file "MixinSquared-0.3.7-beta.1.jar" [parent: mixinsquared-neoforge-0.3.7-beta.1.jar, locator: jarinjar] 
[01:16:05.671] [main/INFO] [loading.moddiscovery.ModDiscoverer/SCAN]: Found library file "JavaNativeCollections-1.1.0.jar" [parent: generator-accelerator-1.6.2.jar, locator: jarinjar] 
[01:16:05.671] [main/INFO] [loading.moddiscovery.ModDiscoverer/SCAN]: Found library file "net.neoforged.neoforge-coremods-21.1.252.jar" [parent: neoforge-21.1.252-universal.jar, locator: jarinjar, reader: mod manifest] 
[01:16:05.672] [main/INFO] [loading.moddiscovery.ModDiscoverer/]: 
     Mod List:
		Name Version (Mod Id)

		Bons and Furious 1.0.35+mc1.21.1 (bons_and_furious)
		Bons Port Qualification Probe 1 (bons_port_probe)
		Generator Accelerator 1.21.1-1.6.2 (generator_accelerator)
		Minecraft 1.21.1 (minecraft)
		NeoForge 21.1.252 (neoforge) 
[01:16:06.170] [main/INFO] [mixin/]: Compatibility level set to JAVA_21 
[01:16:06.230] [main/INFO] [LaunchServiceHandler/MODLAUNCHER]: Launching target 'forgeserver' with arguments [--nogui] 
[01:16:06.322] [main/INFO] [MGABenchmarkPlugin/]: MGABenchmarkPlugin | Is Developer Environment: false 
[01:16:06.322] [main/INFO] [MGABenchmarkPlugin/]: MGABenchmarkPlugin | Is Server Environment: true 
[01:16:06.353] [main/INFO] [Bons and Furious/]: Bons and Furious 1.0.35+mc1.21.1: 0 of 171 optimizations enabled from <port>\runtime\p35-ga-off3\config\bons_and_furious.properties; disabled: adastra_gravity_primitive, almostunified_duplicate_groups, ambientsounds_biome_match_cache, ambientsounds_terrain_scan_bound, architectury_event_dispatch, ars_direct_perk_snapshots, ars_primitive_mana_discounts, artifacts_living_tick_order, bettercombat_offhand_lookup, bomd_block_cache_presence, butterflies_landing_rule_lookup, chunksending_expiry_queue, citadel_model_vertices, colorwheel_phase_labels, crittersandcompanions_red_panda_gate, cucumber_tile_dispatch_range_first, curios_lazy_modifier_map, curios_slot_map_lookup, curios_tag_predicate_keys, curios_thread_safe_caches, distanthorizons_adjacent_face_skip, distanthorizons_biome_blend_memo, distanthorizons_c2me_direct_reads, distanthorizons_cloud_pass_invariants, distanthorizons_cloud_scalars, distanthorizons_ignored_dimension_match, distanthorizons_join_config_resend, distanthorizons_lod_biome_memo, distanthorizons_pooled_string_index, distanthorizons_quad_sort_keys, distanthorizons_render_param_inverse_reuse, distanthorizons_rough_surface_xz_cache, distanthorizons_sql_script_lookup_index, distanthorizons_unlocked_byte_stream, distanthorizons_update_queue_wait, distanthorizons_world_change_biome_reset, distanthorizons_wrapper_air_flag, dungeonsdelight_yam_single_add, dynamictrees_rot_cycle_guard, dynamictrees_thick_shape_memo, embeddium_direct_upload_preparation, embeddium_draw_batch_cache, embeddium_entity_sort_radix, embeddium_lazy_completed_jobs, embeddium_merged_draws, embeddium_pending_upload_sum, embeddium_search_replay, embeddium_section_cache_prefix_cleanup, embeddium_serializer_lookup_snapshot, embeddium_sprite_tick_frame_times, embeddium_upload_classification, embeddium_visible_faces_first, embeddium_weighted_pick_table, emf_block_entity_type_string, emf_hierarchical_id_memo, emf_variable_index, entityculling_dirty_cache_reset, etf_sprite_texture_id_memo, fancymenu_render_thread_state, fdbosses_phase_sphere_local_only, fdbosses_spawner_presence_gate, forge_render_layer_memo, fowlplay_air_targets_loaded_only, fowlplay_flock_vectors, frame_pacing, fusion_chunk_layer_id, fusion_connection_lookups, geckolib_animation_hashes, geckolib_bone_queue_reuse, geckolib_keyframe_locals, geckolib_primitive_easing, geckolib_quad_vectors, hostilevillages_distant_generation_queue, hostilevillages_pending_chunk_queue, immediatelyfast_known_core_shaders, immediatelyfast_offset_layer_prefixes, jei_baked_index_background_grams, jei_brewing_lookup, jei_hidden_menu_sync, jei_sort_index_keys, jei_tooltip_words, jei_typed_stack_cache, l2library_stop_tracking_noop, legendary_monsters_camera_null_guard, lionfishapi_fluid_walk_scan, lionfishapi_model_vertices, modernfix_bake_location_order, modernfix_c2me_cache_strongholds, modernfix_cube_bake_memo, mutantmonsters_empty_shoulder_skip, oculus_dh_instance_lookup, oculus_empty_sampler_fast_return, oculus_empty_transparency_graphs, oculus_entity_vertex_reuse, oculus_phase_labels, oculus_primitive_buffer_affinities, oculus_primitive_uniform_locations, oculus_program_traversal, oculus_reuse_empty_graphs, oculus_shadow_edge_vectors, oculus_shadow_outline_discard, pehkui_scale_tick_callbacks, pipez_empty_filter_fast_path, pipez_sorted_connections_memo, presencefootsteps_duplicate_tracking, radium_experimental_tickets_spawning, radium_hash_palette_copy, radium_part_entity_collisions, radium_world_border_keep_listeners, relics_fluid_walk_scan, ribbits_performer_absent_guard, ryoamiclights_block_entity_lock_skip, ryoamiclights_chunk_iteration, scorched_sandcrab_burrow_gate, spawn_sealife_tick, spawn_sealife_waterlogged_memo, storagedrawers_count_label_memo, storagedrawers_count_sync_holders, structurify_check_memo_slim, structurify_height_cache, structurify_set_data_single_lookup, terrablender_lazy_namespace_rules, terrablender_namespace_rule_memo, terrain_density_memo, terrain_final_density_reuse, terrain_surface_estimate_share, vanilla_animate_tick_uniform_biome, vanilla_aquifer_candidate_cache, vanilla_aquifer_high_air, vanilla_beardifier_influence_bounds, vanilla_biome_fiddle_mask, vanilla_block_entity_tick_state, vanilla_block_state_air_flag, vanilla_block_ticking_range_memo, vanilla_camera_fluid_memo, vanilla_chunk_status_name_memo, vanilla_climate_rtree_flat_bounds, vanilla_climate_sample_repeat, vanilla_climate_sample_xz_parts, vanilla_climate_search_repeat, vanilla_climate_tree_sort_keys, vanilla_climate_tree_span_bounds, vanilla_cursor_counters, vanilla_data_merge_unchanged, vanilla_entity_class_count_layer, vanilla_entity_section_x_overflow, vanilla_fire_scan_loop, vanilla_fog_color_sample_memo, vanilla_framed_map_holder_scan, vanilla_game_event_registry_lookup, vanilla_goal_flags_none_disabled, vanilla_item_merge_candidates, vanilla_layer_bake_streamless, vanilla_long_jump_weighted_pick, vanilla_mob_class_warmup, vanilla_model_bone_lookup, vanilla_noise_column_cache, vanilla_noise_wrap_presize, vanilla_poi_chunk_sections, vanilla_raycast_fluid_none, vanilla_repellent_search_sections, vanilla_selector_type_index, vanilla_spawn_gate_visibility_memo, vanilla_strip_formatting_fast_path, vanilla_suffocation_scan_loop, vanilla_sun_burn_deferred_wet_check, vanilla_tag_membership_ids, vanilla_ticker_range_memo, vanilla_ticking_chunk_memo, vanilla_turtle_egg_search_sections, worldgen_empty_beardifier_marker 
[01:16:06.695] [main/INFO] [GeneratorAccelerator Mixin/]: Disable mixin: dev.sixik.generator_accelerator.common.biome.mixin.compat.biolith.Biolith$AllOfCriterion$fast_iter 
[01:16:06.696] [main/INFO] [GeneratorAccelerator Mixin/]: Disable mixin: dev.sixik.generator_accelerator.common.biome.mixin.compat.biolith.Biolith$AnyOfCriterion$fast_iter 
[01:16:06.697] [main/INFO] [GeneratorAccelerator Mixin/]: Disable mixin: dev.sixik.generator_accelerator.common.biome.mixin.compat.biolith.Biolith$MixinSearchTree$fast 
[01:16:06.697] [main/INFO] [GeneratorAccelerator Mixin/]: Disable mixin: dev.sixik.generator_accelerator.common.biome.mixin.compat.biolith.Biolith$SubBiomeRequestAccessor 
[01:16:06.698] [main/INFO] [GeneratorAccelerator Mixin/]: Disable mixin: dev.sixik.generator_accelerator.common.biome.mixin.compat.biolith.Biolith$SubBiomeRequestSet$fast_iter 
[01:16:06.698] [main/INFO] [GeneratorAccelerator Mixin/]: Disable mixin: dev.sixik.generator_accelerator.common.biome.mixin.compat.terrablender.Terrablender$Area$lock_free_cache 
[01:16:06.699] [main/INFO] [GeneratorAccelerator Mixin/]: Disable mixin: dev.sixik.generator_accelerator.common.biome.mixin.compat.terrablender.Terrablender$AreaContext$thread_local_random 
[01:16:06.699] [main/INFO] [GeneratorAccelerator Mixin/]: Disable mixin: dev.sixik.generator_accelerator.common.biome.mixin.compat.terrablender.Terrablender$MixinBiomeSource$cache_possible_biomes 
[01:16:06.699] [main/INFO] [GeneratorAccelerator Mixin/]: Disable mixin: dev.sixik.generator_accelerator.common.biome.mixin.compat.terrablender.Terrablender$MixinLevelChunkSection$raw_biome_lookup 
[01:16:06.700] [main/INFO] [GeneratorAccelerator Mixin/]: Disable mixin: dev.sixik.generator_accelerator.common.biome.mixin.compat.terrablender.Terrablender$MixinMultiNoiseBiomeSource$raw_biome_resolver 
[01:16:06.701] [main/INFO] [GeneratorAccelerator Mixin/]: Disable mixin: dev.sixik.generator_accelerator.common.biome.mixin.compat.terrablender.Terrablender$MixinNoiseBasedChunkGenerator$reuse_uniqueness 
[01:16:06.701] [main/INFO] [GeneratorAccelerator Mixin/]: Disable mixin: dev.sixik.generator_accelerator.common.biome.mixin.compat.terrablender.Terrablender$MixinParameterList$redirect_search 
[01:16:06.704] [main/INFO] [GeneratorAccelerator Mixin/]: Disable mixin: dev.sixik.generator_accelerator.common.blender.mixin.compats.c2me.c2me$BlenderMixin 
[01:16:06.734] [main/INFO] [GeneratorAccelerator Mixin/]: Disable mixin: dev.sixik.generator_accelerator.common.surface.mixin.compats.biolith.Mixin$Biolith$SurfaceSystem 
[01:16:06.734] [main/INFO] [GeneratorAccelerator Mixin/]: Disable mixin: dev.sixik.generator_accelerator.common.surface.mixin.compats.biomeswevegone.BiomesWeveGone$SurfaceBuilder$fix_compat 
[01:16:06.735] [main/INFO] [GeneratorAccelerator Mixin/]: Disable mixin: dev.sixik.generator_accelerator.common.surface.mixin.compats.natures_spirit.NaturesSpirit$SurfaceBuilderMixin$fix_compat 
[01:16:06.750] [main/INFO] [GeneratorAccelerator Mixin/]: Disable mixin: dev.sixik.generator_accelerator.common.structures.mixin.compats.blueprints.Blueprint$StructurePieceMixin 
[01:16:06.750] [main/INFO] [GeneratorAccelerator Mixin/]: Disable mixin: dev.sixik.generator_accelerator.common.structures.mixin.compats.zeta.Zeta$StructurePiece$Fix 
[01:16:06.780] [main/INFO] [GeneratorAccelerator Mixin/]: Disable mixin: dev.sixik.generator_accelerator.common.features.mixin.compats.accessories.AccessoriesBasedStackHandlerMixin 
[01:16:06.780] [main/INFO] [GeneratorAccelerator Mixin/]: Disable mixin: dev.sixik.generator_accelerator.common.features.mixin.compats.alexscaves.AlexsCaves$ChunkGeneratorMixin$applyBiomeDecoration 
[01:16:06.781] [main/INFO] [GeneratorAccelerator Mixin/]: Disable mixin: dev.sixik.generator_accelerator.common.features.mixin.compats.artifacts.Artifacts$CampsiteHeightRangePlacementMixin 
[01:16:06.781] [main/INFO] [GeneratorAccelerator Mixin/]: Disable mixin: dev.sixik.generator_accelerator.common.features.mixin.compats.biomeswevegone.BiomesWeveGone$BasaltBarreraExtension$fast 
[01:16:06.782] [main/INFO] [GeneratorAccelerator Mixin/]: Disable mixin: dev.sixik.generator_accelerator.common.features.mixin.compats.biomeswevegone.BiomesWeveGone$BlendUtil$fast_edge 
[01:16:06.782] [main/INFO] [GeneratorAccelerator Mixin/]: Disable mixin: dev.sixik.generator_accelerator.common.features.mixin.compats.biomeswevegone.BiomesWeveGone$ChunkStatusTasksMixin$cache_biomes 
[01:16:06.782] [main/INFO] [GeneratorAccelerator Mixin/]: Disable mixin: dev.sixik.generator_accelerator.common.features.mixin.compats.biomeswevegone.BiomesWeveGone$CragGardenExtension$fast 
[01:16:06.783] [main/INFO] [GeneratorAccelerator Mixin/]: Disable mixin: dev.sixik.generator_accelerator.common.features.mixin.compats.biomesoplenty.BiomesOPlenty$WebbingFeatureMixin 
[01:16:06.783] [main/INFO] [GeneratorAccelerator Mixin/]: Disable mixin: dev.sixik.generator_accelerator.common.features.mixin.compats.confluence.Confluence$FeaturePlacementCompatMixin 
[01:16:06.783] [main/INFO] [GeneratorAccelerator Mixin/]: Disable mixin: dev.sixik.generator_accelerator.common.features.mixin.compats.confluence.Confluence$SecretFlagPlacementMixin 
[01:16:06.783] [main/INFO] [GeneratorAccelerator Mixin/]: Disable mixin: dev.sixik.generator_accelerator.common.features.mixin.compats.dynamictrees.DynamicTrees$BasicBranchBlockMixin 
[01:16:06.784] [main/INFO] [GeneratorAccelerator Mixin/]: Disable mixin: dev.sixik.generator_accelerator.common.features.mixin.compats.dynamictrees.DynamicTrees$CaveRootedTreePlacementMixin 
[01:16:06.785] [main/INFO] [GeneratorAccelerator Mixin/]: Disable mixin: dev.sixik.generator_accelerator.common.features.mixin.compats.dynamictrees.DynamicTrees$CaveRootedTreeFeatureMixin 
[01:16:06.785] [main/INFO] [GeneratorAccelerator Mixin/]: Disable mixin: dev.sixik.generator_accelerator.common.features.mixin.compats.dynamictrees.DynamicTrees$CellKits$BasicSolverMixin 
[01:16:06.786] [main/INFO] [GeneratorAccelerator Mixin/]: Disable mixin: dev.sixik.generator_accelerator.common.features.mixin.compats.dynamictrees.DynamicTrees$ChunkTreeHelperMixin 
[01:16:06.786] [main/INFO] [GeneratorAccelerator Mixin/]: Disable mixin: dev.sixik.generator_accelerator.common.features.mixin.compats.dynamictrees.DynamicTrees$DynamicLeavesBlockMixin 
[01:16:06.787] [main/INFO] [GeneratorAccelerator Mixin/]: Disable mixin: dev.sixik.generator_accelerator.common.features.mixin.compats.dynamictrees.DynamicTrees$DynamicTreeFeatureMixin 
[01:16:06.787] [main/INFO] [GeneratorAccelerator Mixin/]: Disable mixin: dev.sixik.generator_accelerator.common.features.mixin.compats.dynamictrees.DynamicTrees$InflatorNodeMixin 
[01:16:06.788] [main/INFO] [GeneratorAccelerator Mixin/]: Disable mixin: dev.sixik.generator_accelerator.common.features.mixin.compats.dynamictrees.DynamicTrees$JoCodeMixin 
[01:16:06.788] [main/INFO] [GeneratorAccelerator Mixin/]: Disable mixin: dev.sixik.generator_accelerator.common.features.mixin.compats.dynamictrees.DynamicTrees$OverworldGroundFinderMixin 
[01:16:06.788] [main/INFO] [GeneratorAccelerator Mixin/]: Disable mixin: dev.sixik.generator_accelerator.common.features.mixin.compats.dynamictrees.DynamicTrees$SubterraneanGroundFinderMixin 
[01:16:06.789] [main/INFO] [GeneratorAccelerator Mixin/]: Disable mixin: dev.sixik.generator_accelerator.common.features.mixin.compats.galosphere.Galosphere$CrystalSpikeFeatureMixin 
[01:16:06.790] [main/INFO] [GeneratorAccelerator Mixin/]: Disable mixin: dev.sixik.generator_accelerator.common.features.mixin.compats.natures_spirit.NaturesSpirit$AlluaudiaFeatureMixin 
[01:16:06.790] [main/INFO] [GeneratorAccelerator Mixin/]: Disable mixin: dev.sixik.generator_accelerator.common.features.mixin.compats.natures_spirit.NaturesSpirit$CoconutTreeDecoratorMixin 
[01:16:06.790] [main/INFO] [GeneratorAccelerator Mixin/]: Disable mixin: dev.sixik.generator_accelerator.common.features.mixin.compats.natures_spirit.NaturesSpirit$GroundedBushFoliagePlacerMixin 
[01:16:06.791] [main/INFO] [GeneratorAccelerator Mixin/]: Disable mixin: dev.sixik.generator_accelerator.common.features.mixin.compats.natures_spirit.NaturesSpirit$JoshuaTreeFeatureMixin 
[01:16:06.791] [main/INFO] [GeneratorAccelerator Mixin/]: Disable mixin: dev.sixik.generator_accelerator.common.features.mixin.compats.natures_spirit.NaturesSpirit$LargePumpkinFeatureMixin 
[01:16:06.792] [main/INFO] [GeneratorAccelerator Mixin/]: Disable mixin: dev.sixik.generator_accelerator.common.features.mixin.compats.natures_spirit.NaturesSpirit$MapleGroundTreeDecoratorMixin 
[01:16:06.792] [main/INFO] [GeneratorAccelerator Mixin/]: Disable mixin: dev.sixik.generator_accelerator.common.features.mixin.compats.natures_spirit.NaturesSpirit$OliveBranchTreeDecoratorMixin 
[01:16:06.792] [main/INFO] [GeneratorAccelerator Mixin/]: Disable mixin: dev.sixik.generator_accelerator.common.features.mixin.compats.natures_spirit.NaturesSpirit$PolyporeFeatureMixin 
[01:16:06.793] [main/INFO] [GeneratorAccelerator Mixin/]: Disable mixin: dev.sixik.generator_accelerator.common.features.mixin.compats.natures_spirit.NaturesSpirit$PolyporeTreeDecoratorMixin 
[01:16:06.793] [main/INFO] [GeneratorAccelerator Mixin/]: Disable mixin: dev.sixik.generator_accelerator.common.features.mixin.compats.natures_spirit.NaturesSpirit$RedwoodBranchTreeDecoratorMixin 
[01:16:06.793] [main/INFO] [GeneratorAccelerator Mixin/]: Disable mixin: dev.sixik.generator_accelerator.common.features.mixin.compats.natures_spirit.NaturesSpirit$SnowTreeDecoratorMixin 
[01:16:06.795] [main/INFO] [GeneratorAccelerator Mixin/]: Disable mixin: dev.sixik.generator_accelerator.common.features.mixin.compats.natures_spirit.NaturesSpirit$TurnipRootFeatureMixin 
[01:16:06.795] [main/INFO] [GeneratorAccelerator Mixin/]: Disable mixin: dev.sixik.generator_accelerator.common.features.mixin.compats.natures_spirit.NaturesSpirit$WisteriaVinesTreeDecoratorMixin 
[01:16:06.796] [main/INFO] [GeneratorAccelerator Mixin/]: Disable mixin: dev.sixik.generator_accelerator.common.features.mixin.compats.natures_spirit.NaturesSpirit$WisteriaFoliagePlacerMixin 
[01:16:06.797] [main/INFO] [GeneratorAccelerator Mixin/]: Disable mixin: dev.sixik.generator_accelerator.common.features.mixin.compats.owo.Mixin$OWO$OreFeature 
[01:16:06.797] [main/INFO] [GeneratorAccelerator Mixin/]: Disable mixin: dev.sixik.generator_accelerator.common.features.mixin.compats.repurposedstructures.Repurposedstructures$MinDistanceFromWorldOriginPlacementMixin 
[01:16:06.798] [main/INFO] [GeneratorAccelerator Mixin/]: Disable mixin: dev.sixik.generator_accelerator.common.features.mixin.compats.repurposedstructures.Repurposedstructures$MinusEightPlacementMixin 
[01:16:06.798] [main/INFO] [GeneratorAccelerator Mixin/]: Disable mixin: dev.sixik.generator_accelerator.common.features.mixin.compats.repurposedstructures.Repurposedstructures$NoVinesInStructuresMixin 
[01:16:06.799] [main/INFO] [GeneratorAccelerator Mixin/]: Disable mixin: dev.sixik.generator_accelerator.common.features.mixin.compats.repurposedstructures.Repurposedstructures$SnapToLowerNonAirPlacementMixin 
[01:16:06.799] [main/INFO] [GeneratorAccelerator Mixin/]: Disable mixin: dev.sixik.generator_accelerator.common.features.mixin.compats.terrainslabs.Mixin$TerrainSlabs$OreFeature 
[01:16:06.800] [main/INFO] [GeneratorAccelerator Mixin/]: Disable mixin: dev.sixik.generator_accelerator.common.features.mixin.compats.waystones.Waystones$WaystonePlacementMixin 
[01:16:06.836] [main/WARN] [mixin/]: Error loading class: com/mrbysco/oreberriesreplanted/worldgen/placement/ChanceRangePlacement (java.lang.ClassNotFoundException: com.mrbysco.oreberriesreplanted.worldgen.placement.ChanceRangePlacement) 
[01:16:06.837] [main/WARN] [mixin/]: @Mixin target com.mrbysco.oreberriesreplanted.worldgen.placement.ChanceRangePlacement was not found generator_accelerator_features.mixins.json:compats.oreberries.Oreberries$ChanceRangePlacementMixin from mod generator_accelerator 
[01:16:06.838] [main/WARN] [mixin/]: Error loading class: mysticmods/roots/worldgen/features/placements/AllAroundLogPlacement (java.lang.ClassNotFoundException: mysticmods.roots.worldgen.features.placements.AllAroundLogPlacement) 
[01:16:06.838] [main/WARN] [mixin/]: @Mixin target mysticmods.roots.worldgen.features.placements.AllAroundLogPlacement was not found generator_accelerator_features.mixins.json:compats.roots.Roots$AllAroundLogPlacementMixin from mod generator_accelerator 
[01:16:06.839] [main/WARN] [mixin/]: Error loading class: mysticmods/roots/worldgen/features/placements/HeightmapYRange (java.lang.ClassNotFoundException: mysticmods.roots.worldgen.features.placements.HeightmapYRange) 
[01:16:06.839] [main/WARN] [mixin/]: @Mixin target mysticmods.roots.worldgen.features.placements.HeightmapYRange was not found generator_accelerator_features.mixins.json:compats.roots.Roots$HeightmapYRangeMixin from mod generator_accelerator 
[01:16:06.840] [main/WARN] [mixin/]: Error loading class: com/yungnickyoung/minecraft/yungsbridges/world/placement/BridgePlacement (java.lang.ClassNotFoundException: com.yungnickyoung.minecraft.yungsbridges.world.placement.BridgePlacement) 
[01:16:06.840] [main/WARN] [mixin/]: @Mixin target com.yungnickyoung.minecraft.yungsbridges.world.placement.BridgePlacement was not found generator_accelerator_features.mixins.json:compats.yungs.bridges.YungsBridge$BridgePlacementMixin from mod generator_accelerator 
[01:16:06.841] [main/WARN] [mixin/]: Error loading class: com/yungnickyoung/minecraft/yungsbridges/world/placement/RngInitializerPlacement (java.lang.ClassNotFoundException: com.yungnickyoung.minecraft.yungsbridges.world.placement.RngInitializerPlacement) 
[01:16:06.841] [main/WARN] [mixin/]: @Mixin target com.yungnickyoung.minecraft.yungsbridges.world.placement.RngInitializerPlacement was not found generator_accelerator_features.mixins.json:compats.yungs.bridges.YungsBridge$RngInitializerPlacementMixin from mod generator_accelerator 
[01:16:06.842] [main/WARN] [mixin/]: Error loading class: com/yungnickyoung/minecraft/yungsextras/world/placement/RngInitializerPlacement (java.lang.ClassNotFoundException: com.yungnickyoung.minecraft.yungsextras.world.placement.RngInitializerPlacement) 
[01:16:06.842] [main/WARN] [mixin/]: @Mixin target com.yungnickyoung.minecraft.yungsextras.world.placement.RngInitializerPlacement was not found generator_accelerator_features.mixins.json:compats.yungs.extras.YungsExtras$RngInitializerPlacementMixin from mod generator_accelerator 
[01:16:06.859] [main/WARN] [mixin/]: Error loading class: net/potionstudios/biomeswevegone/world/level/levelgen/feature/treedecorators/GlowBerryDecorator (java.lang.ClassNotFoundException: net.potionstudios.biomeswevegone.world.level.levelgen.feature.treedecorators.GlowBerryDecorator) 
[01:16:06.859] [main/WARN] [mixin/]: @Mixin target net.potionstudios.biomeswevegone.world.level.levelgen.feature.treedecorators.GlowBerryDecorator was not found generator_accelerator_features.mixins.json:place.tree_decorator.MixinGlowBerryDecorator from mod generator_accelerator 
[01:16:06.860] [main/INFO] [GeneratorAccelerator Mixin/]: Disable mixin: dev.sixik.generator_accelerator.common.chunks.mixin.compats.modernfix.ModernFixChunkMapReleaseProtoChunksMixin 
[01:16:06.861] [main/INFO] [GeneratorAccelerator Mixin/]: Disable mixin: dev.sixik.generator_accelerator.common.chunks.mixin.compats.modernfix.ModernFix$ChunkStatusTasksMixin 
[01:16:06.861] [main/INFO] [GeneratorAccelerator Mixin/]: Disable mixin: dev.sixik.generator_accelerator.common.chunks.mixin.compats.modernfix.ModernFix$GenerationChunkHolderAccessor 
[01:16:06.861] [main/INFO] [GeneratorAccelerator Mixin/]: Disable mixin: dev.sixik.generator_accelerator.common.chunks.mixin.compats.modernfix.ModernFix$ChunkHolderReleaseProtoChunksMixin 
[01:16:06.863] [main/INFO] [Bons and Furious/]: Bons and Furious: adastra_gravity_primitive is disabled by config; earth.terrarium.adastra.common.systems.GravityApiImpl is left unchanged 
[01:16:06.863] [main/INFO] [Bons and Furious/]: Bons and Furious: almostunified_duplicate_groups is disabled by config; com.almostreliable.unified.utils.JsonCompare$CompareSettings is left unchanged 
[01:16:06.863] [main/INFO] [Bons and Furious/]: Bons and Furious: almostunified_duplicate_groups is disabled by config; com.almostreliable.unified.unification.recipe.RecipeTransformer is left unchanged 
[01:16:06.863] [main/INFO] [Bons and Furious/]: Bons and Furious: almostunified_duplicate_groups is disabled by config; com.almostreliable.unified.unification.recipe.RecipeLink is left unchanged 
[01:16:06.864] [main/INFO] [Bons and Furious/]: Bons and Furious: architectury_event_dispatch is disabled by config; dev.architectury.event.EventFactory is left unchanged 
[01:16:06.864] [main/INFO] [Bons and Furious/]: Bons and Furious: ars_primitive_mana_discounts is disabled by config; com.hollingsworth.arsnouveau.api.util.ManaUtil is left unchanged 
[01:16:06.864] [main/INFO] [Bons and Furious/]: Bons and Furious: ars_direct_perk_snapshots is disabled by config; com.hollingsworth.arsnouveau.api.util.PerkUtil is left unchanged 
[01:16:06.865] [main/INFO] [Bons and Furious/]: Bons and Furious: artifacts_living_tick_order is disabled by config; artifacts.neoforge.event.ArtifactHooksNeoForge is left unchanged 
[01:16:06.865] [main/INFO] [Bons and Furious/]: Bons and Furious: artifacts_living_tick_order is disabled by config; artifacts.item.UmbrellaItem is left unchanged 
[01:16:06.866] [main/INFO] [Bons and Furious/]: Bons and Furious: worldgen_empty_beardifier_marker is disabled by config; net.minecraft.world.level.levelgen.Beardifier is left unchanged 
[01:16:06.866] [main/INFO] [Bons and Furious/]: Bons and Furious: worldgen_empty_beardifier_marker is disabled by config; net.minecraft.world.level.levelgen.NoiseChunk is left unchanged 
[01:16:06.866] [main/INFO] [Bons and Furious/]: Bons and Furious: worldgen_empty_beardifier_marker is disabled by config; net.minecraft.world.level.levelgen.NoiseBasedChunkGenerator is left unchanged 
[01:16:06.867] [main/INFO] [Bons and Furious/]: Bons and Furious: bettercombat_offhand_lookup is disabled by config; net.minecraft.world.entity.player.Player is left unchanged 
[01:16:06.867] [main/INFO] [Bons and Furious/]: Bons and Furious: bomd_block_cache_presence is disabled by config; com.cerbon.bosses_of_mass_destruction.capability.ChunkBlockCache is left unchanged 
[01:16:06.867] [main/INFO] [Bons and Furious/]: Bons and Furious: bomd_block_cache_presence is disabled by config; com.cerbon.bosses_of_mass_destruction.block.custom.LevitationBlockEntity is left unchanged 
[01:16:06.867] [main/INFO] [Bons and Furious/]: Bons and Furious: bomd_block_cache_presence is disabled by config; net.minecraft.world.level.NaturalSpawner is left unchanged 
[01:16:06.867] [main/INFO] [Bons and Furious/]: Bons and Furious: bomd_block_cache_presence is disabled by config; net.minecraft.server.level.ServerLevel is left unchanged 
[01:16:06.868] [main/INFO] [Bons and Furious/]: Bons and Furious: butterflies_landing_rule_lookup is disabled by config; com.bokmcdok.butterflies.butterfly_data.LandingRules is left unchanged 
[01:16:06.868] [main/INFO] [Bons and Furious/]: Bons and Furious: vanilla_ticking_chunk_memo is disabled by config; net.minecraft.server.level.ChunkHolder is left unchanged 
[01:16:06.868] [main/INFO] [Bons and Furious/]: Bons and Furious: chunksending_expiry_queue is disabled by config; com.chunksending.event.EventHandler is left unchanged 
[01:16:06.869] [main/INFO] [Bons and Furious/]: Bons and Furious: vanilla_climate_tree_sort_keys is disabled by config; net.minecraft.world.level.biome.Climate$RTree$Node is left unchanged 
[01:16:06.869] [main/INFO] [Bons and Furious/]: Bons and Furious: vanilla_climate_tree_span_bounds is disabled by config; net.minecraft.world.level.biome.Climate$RTree$Node is left unchanged 
[01:16:06.869] [main/INFO] [Bons and Furious/]: Bons and Furious: vanilla_climate_tree_sort_keys is disabled by config; net.minecraft.world.level.biome.Climate$RTree is left unchanged 
[01:16:06.869] [main/INFO] [Bons and Furious/]: Bons and Furious: vanilla_climate_tree_span_bounds is disabled by config; net.minecraft.world.level.biome.Climate$RTree is left unchanged 
[01:16:06.870] [main/INFO] [Bons and Furious/]: Bons and Furious: vanilla_climate_sample_xz_parts is disabled by config; net.minecraft.world.level.biome.Climate$Sampler is left unchanged 
[01:16:06.870] [main/INFO] [Bons and Furious/]: Bons and Furious: vanilla_climate_sample_xz_parts is disabled by config; net.minecraft.world.level.levelgen.RandomState is left unchanged 
[01:16:06.870] [main/INFO] [Bons and Furious/]: Bons and Furious: vanilla_entity_class_count_layer is disabled by config; net.minecraft.world.level.entity.EntitySectionStorage is left unchanged 
[01:16:06.871] [main/INFO] [Bons and Furious/]: Bons and Furious: vanilla_entity_class_count_layer is disabled by config; net.minecraft.world.level.entity.EntitySection is left unchanged 
[01:16:06.871] [main/INFO] [Bons and Furious/]: Bons and Furious: vanilla_entity_class_count_layer is disabled by config; net.minecraft.world.level.Level is left unchanged 
[01:16:06.871] [main/INFO] [Bons and Furious/]: Bons and Furious: vanilla_entity_class_count_layer is disabled by config; net.minecraft.world.level.entity.LevelEntityGetterAdapter is left unchanged 
[01:16:06.872] [main/INFO] [Bons and Furious/]: Bons and Furious: crittersandcompanions_red_panda_gate is disabled by config; net.minecraft.world.entity.ai.goal.AvoidEntityGoal is left unchanged 
[01:16:06.872] [main/INFO] [Bons and Furious/]: Bons and Furious: cucumber_tile_dispatch_range_first is disabled by config; com.blakebr0.cucumber.helper.TileEntityHelper is left unchanged 
[01:16:06.872] [main/INFO] [Bons and Furious/]: Bons and Furious: curios_lazy_modifier_map is disabled by config; top.theillusivec4.curios.common.capability.CurioInventoryCapability is left unchanged 
[01:16:06.873] [main/INFO] [Bons and Furious/]: Bons and Furious: curios_slot_map_lookup is disabled by config; top.theillusivec4.curios.common.data.CuriosEntityManager is left unchanged 
[01:16:06.873] [main/INFO] [Bons and Furious/]: Bons and Furious: curios_thread_safe_caches is disabled by config; top.theillusivec4.curios.api.SlotAttribute is left unchanged 
[01:16:06.873] [main/INFO] [Bons and Furious/]: Bons and Furious: curios_tag_predicate_keys is disabled by config; top.theillusivec4.curios.mixin.CuriosImplMixinHooks is left unchanged 
[01:16:06.873] [main/INFO] [Bons and Furious/]: Bons and Furious: vanilla_selector_type_index is disabled by config; net.minecraft.world.level.entity.EntityLookup is left unchanged 
[01:16:06.874] [main/INFO] [Bons and Furious/]: Bons and Furious: vanilla_selector_type_index is disabled by config; net.minecraft.commands.arguments.selector.EntitySelector is left unchanged 
[01:16:06.874] [main/INFO] [Bons and Furious/]: Bons and Furious: vanilla_selector_type_index is disabled by config; net.minecraft.commands.arguments.selector.EntitySelectorParser is left unchanged 
[01:16:06.875] [main/INFO] [Bons and Furious/]: Bons and Furious: vanilla_selector_type_index is disabled by config; net.minecraft.commands.arguments.selector.options.EntitySelectorOptions is left unchanged 
[01:16:06.875] [main/INFO] [Bons and Furious/]: Bons and Furious: distanthorizons_pooled_string_index is disabled by config; com.seibel.distanthorizons.core.dataObjects.fullData.FullDataPointIdMap is left unchanged 
[01:16:06.875] [main/INFO] [Bons and Furious/]: Bons and Furious: distanthorizons_pooled_string_index is disabled by config; com.seibel.distanthorizons.core.util.objects.pooling.StringPool is left unchanged 
[01:16:06.875] [main/INFO] [Bons and Furious/]: Bons and Furious: distanthorizons_wrapper_air_flag is disabled by config; com.seibel.distanthorizons.common.wrappers.block.BlockStateWrapper_neoforge is left unchanged 
[01:16:06.876] [main/INFO] [Bons and Furious/]: Bons and Furious: distanthorizons_unlocked_byte_stream is disabled by config; com.seibel.distanthorizons.core.util.objects.dataStreams.DhDataInputStream is left unchanged 
[01:16:06.876] [main/INFO] [Bons and Furious/]: Bons and Furious: distanthorizons_ignored_dimension_match is disabled by config; com.seibel.distanthorizons.core.config.eventHandlers.IgnoredDimensionCsvHandler is left unchanged 
[01:16:06.876] [main/INFO] [Bons and Furious/]: Bons and Furious: distanthorizons_rough_surface_xz_cache is disabled by config; com.seibel.distanthorizons.common.wrappers.worldGeneration.DhRoughSurfaceGenerator$GenParams_neoforge is left unchanged 
[01:16:06.876] [main/INFO] [Bons and Furious/]: Bons and Furious: distanthorizons_update_queue_wait is disabled by config; com.seibel.distanthorizons.core.api.internal.chunkUpdating.ChunkUpdateQueueManager is left unchanged 
[01:16:06.877] [main/INFO] [Bons and Furious/]: Bons and Furious: distanthorizons_lod_biome_memo is disabled by config; com.seibel.distanthorizons.core.dataObjects.transformers.LodDataBuilder is left unchanged 
[01:16:06.877] [main/INFO] [Bons and Furious/]: Bons and Furious: distanthorizons_world_change_biome_reset is disabled by config; com.seibel.distanthorizons.core.api.internal.SharedApi is left unchanged 
[01:16:06.877] [main/INFO] [Bons and Furious/]: Bons and Furious: distanthorizons_world_change_biome_reset is disabled by config; com.seibel.distanthorizons.common.wrappers.block.BiomeWrapper_neoforge is left unchanged 
[01:16:06.877] [main/INFO] [Bons and Furious/]: Bons and Furious: distanthorizons_world_change_biome_reset is disabled by config; com.seibel.distanthorizons.core.dataObjects.BlockBiomeWrapperPair is left unchanged 
[01:16:06.877] [main/INFO] [Bons and Furious/]: Bons and Furious: dungeonsdelight_yam_single_add is disabled by config; net.yirmiri.dungeonsdelight.common.entity.monster_yam.MonsterYamEntity is left unchanged 
[01:16:06.878] [main/INFO] [Bons and Furious/]: Bons and Furious: dynamictrees_rot_cycle_guard is disabled by config; com.dtteam.dynamictrees.block.branch.BasicBranchBlock is left unchanged 
[01:16:06.878] [main/INFO] [Bons and Furious/]: Bons and Furious: dynamictrees_rot_cycle_guard is disabled by config; com.dtteam.dynamictrees.block.branch.BasicRootsBlock is left unchanged 
[01:16:06.878] [main/INFO] [Bons and Furious/]: Bons and Furious: dynamictrees_rot_cycle_guard is disabled by config; com.dtteam.dynamictrees.tree.species.Species is left unchanged 
[01:16:06.878] [main/INFO] [Bons and Furious/]: Bons and Furious: dynamictrees_rot_cycle_guard is disabled by config; com.dtteam.dynamictrees.block.branch.BranchBlock is left unchanged 
[01:16:06.878] [main/INFO] [Bons and Furious/]: Bons and Furious: dynamictrees_rot_cycle_guard is disabled by config; com.dtteam.dynamictrees.systems.genfeature.MushroomRotGenFeature is left unchanged 
[01:16:06.878] [main/INFO] [Bons and Furious/]: Bons and Furious: dynamictrees_rot_cycle_guard is disabled by config; com.dtteam.dynamictrees.systems.genfeature.RotSoilGenFeature is left unchanged 
[01:16:06.879] [main/INFO] [Bons and Furious/]: Bons and Furious: dynamictrees_thick_shape_memo is disabled by config; com.dtteam.dynamictrees.block.branch.TrunkShellBlock is left unchanged 
[01:16:06.879] [main/INFO] [Bons and Furious/]: Bons and Furious: fdbosses_spawner_presence_gate is disabled by config; com.finderfeed.fdbosses.BossEvents is left unchanged 
[01:16:06.879] [main/INFO] [Bons and Furious/]: Bons and Furious: fdbosses_spawner_presence_gate is disabled by config; com.finderfeed.fdbosses.client.BossCommonMixinHandle is left unchanged 
[01:16:06.880] [main/INFO] [Bons and Furious/]: Bons and Furious: lionfishapi_fluid_walk_scan is disabled by config; net.minecraft.world.entity.Entity is left unchanged 
[01:16:06.880] [main/INFO] [Bons and Furious/]: Bons and Furious: relics_fluid_walk_scan is disabled by config; net.minecraft.world.entity.Entity is left unchanged 
[01:16:06.880] [main/INFO] [Bons and Furious/]: Bons and Furious: fowlplay_flock_vectors is disabled by config; aqario.fowlplay.common.entity.ai.brain.behaviour.GuidedFlocking is left unchanged 
[01:16:06.881] [main/INFO] [Bons and Furious/]: Bons and Furious: fowlplay_flock_vectors is disabled by config; aqario.fowlplay.common.entity.ai.brain.behaviour.LeaderlessFlocking is left unchanged 
[01:16:06.881] [main/INFO] [Bons and Furious/]: Bons and Furious: fowlplay_air_targets_loaded_only is disabled by config; aqario.fowlplay.common.util.TargetingUtils is left unchanged 
[01:16:06.881] [main/INFO] [Bons and Furious/]: Bons and Furious: geckolib_keyframe_locals is disabled by config; software.bernie.geckolib.animation.AnimationController is left unchanged 
[01:16:06.882] [main/INFO] [Bons and Furious/]: Bons and Furious: geckolib_bone_queue_reuse is disabled by config; software.bernie.geckolib.animation.AnimationController is left unchanged 
[01:16:06.882] [main/INFO] [Bons and Furious/]: Bons and Furious: geckolib_primitive_easing is disabled by config; software.bernie.geckolib.animation.EasingType is left unchanged 
[01:16:06.883] [main/INFO] [Bons and Furious/]: Bons and Furious: geckolib_animation_hashes is disabled by config; software.bernie.geckolib.animation.keyframe.Keyframe is left unchanged 
[01:16:06.883] [main/INFO] [Bons and Furious/]: Bons and Furious: geckolib_animation_hashes is disabled by config; software.bernie.geckolib.animation.RawAnimation is left unchanged 
[01:16:06.883] [main/INFO] [Bons and Furious/]: Bons and Furious: hostilevillages_distant_generation_queue is disabled by config; com.hostilevillages.event.EventHandler is left unchanged 
[01:16:06.883] [main/INFO] [Bons and Furious/]: Bons and Furious: hostilevillages_pending_chunk_queue is disabled by config; com.hostilevillages.event.EventHandler is left unchanged 
[01:16:06.883] [main/INFO] [Bons and Furious/]: Bons and Furious: l2library_stop_tracking_noop is disabled by config; dev.xkmc.l2core.events.EffectSyncEvents is left unchanged 
[01:16:06.884] [main/INFO] [Bons and Furious/]: Bons and Furious: vanilla_block_state_air_flag is disabled by config; net.minecraft.world.level.block.state.BlockBehaviour is left unchanged 
[01:16:06.884] [main/INFO] [Bons and Furious/]: Bons and Furious: vanilla_block_state_air_flag is disabled by config; net.minecraft.world.level.block.state.BlockBehaviour$BlockStateBase is left unchanged 
[01:16:06.884] [main/INFO] [Bons and Furious/]: Bons and Furious: vanilla_data_merge_unchanged is disabled by config; agentcraft.pure.mixin.DataCommandsMixin is not applied to net.minecraft.server.commands.data.DataCommands 
[01:16:06.884] [main/INFO] [Bons and Furious/]: Bons and Furious: vanilla_sun_burn_deferred_wet_check is disabled by config; net.minecraft.world.entity.Mob is left unchanged 
[01:16:06.885] [main/INFO] [Bons and Furious/]: Bons and Furious: vanilla_sun_burn_deferred_wet_check is disabled by config; net.minecraft.world.entity.Entity is left unchanged 
[01:16:06.885] [main/INFO] [Bons and Furious/]: Bons and Furious: distanthorizons_sql_script_lookup_index is disabled by config; com.seibel.distanthorizons.core.sql.DatabaseUpdater is left unchanged 
[01:16:06.885] [main/INFO] [Bons and Furious/]: Bons and Furious: mutantmonsters_empty_shoulder_skip is disabled by config; fuzs.mutantmonsters.handler.PlayerEventsHandler is left unchanged 
[01:16:06.885] [main/INFO] [Bons and Furious/]: Bons and Furious: pehkui_scale_tick_callbacks is disabled by config; virtuoel.pehkui.util.ScaleUtils is left unchanged 
[01:16:06.886] [main/INFO] [Bons and Furious/]: Bons and Furious: pipez_sorted_connections_memo is disabled by config; de.maxhenkel.pipez.blocks.tileentity.UpgradeTileEntity is left unchanged 
[01:16:06.886] [main/INFO] [Bons and Furious/]: Bons and Furious: pipez_empty_filter_fast_path is disabled by config; de.maxhenkel.pipez.blocks.tileentity.types.ItemPipeType is left unchanged 
[01:16:06.886] [main/INFO] [Bons and Furious/]: Bons and Furious: pipez_empty_filter_fast_path is disabled by config; de.maxhenkel.pipez.blocks.tileentity.types.FluidPipeType is left unchanged 
[01:16:06.887] [main/INFO] [Bons and Furious/]: Bons and Furious: vanilla_block_entity_tick_state is disabled by config; net.minecraft.world.level.block.entity.BlockEntity is left unchanged 
[01:16:06.887] [main/INFO] [Bons and Furious/]: Bons and Furious: vanilla_block_entity_tick_state is disabled by config; net.minecraft.world.level.chunk.LevelChunk$BoundTickingBlockEntity is left unchanged 
[01:16:06.888] [main/INFO] [Bons and Furious/]: Bons and Furious: vanilla_block_entity_tick_state is disabled by config; net.minecraft.world.level.chunk.LevelChunk is left unchanged 
[01:16:06.888] [main/INFO] [Bons and Furious/]: Bons and Furious: vanilla_poi_chunk_sections is disabled by config; net.minecraft.world.entity.ai.village.poi.PoiManager is left unchanged 
[01:16:06.888] [main/INFO] [Bons and Furious/]: Bons and Furious: vanilla_poi_chunk_sections is disabled by config; net.minecraft.world.level.chunk.storage.SectionStorage is left unchanged 
[01:16:06.889] [main/INFO] [Bons and Furious/]: Bons and Furious: radium_world_border_keep_listeners is disabled by config; me.jellysquid.mods.lithium.common.world.listeners.WorldBorderListenerOnceMulti is left unchanged 
[01:16:06.889] [main/INFO] [Bons and Furious/]: Bons and Furious: radium_part_entity_collisions is disabled by config; me.jellysquid.mods.lithium.common.world.WorldHelper is left unchanged 
[01:16:06.889] [main/INFO] [Bons and Furious/]: Bons and Furious: radium_hash_palette_copy is disabled by config; me.jellysquid.mods.lithium.common.world.chunk.LithiumHashPalette is left unchanged 
[01:16:06.889] [main/INFO] [Bons and Furious/]: Bons and Furious: ribbits_performer_absent_guard is disabled by config; com.yungnickyoung.minecraft.ribbits.player.PlayerInstrumentTracker is left unchanged 
[01:16:06.890] [main/INFO] [Bons and Furious/]: Bons and Furious: spawn_sealife_tick is disabled by config; com.ninni.spawn.server.block.entity.SeaLifeDecoBlockEntity is left unchanged 
[01:16:06.890] [main/INFO] [Bons and Furious/]: Bons and Furious: vanilla_spawn_gate_visibility_memo is disabled by config; net.minecraft.world.level.entity.PersistentEntitySectionManager is left unchanged 
[01:16:06.890] [main/INFO] [Bons and Furious/]: Bons and Furious: vanilla_spawn_gate_visibility_memo is disabled by config; net.minecraft.world.level.chunk.LevelChunk is left unchanged 
[01:16:06.890] [main/INFO] [Bons and Furious/]: Bons and Furious: vanilla_spawn_gate_visibility_memo is disabled by config; net.minecraft.server.level.ServerChunkCache is left unchanged 
[01:16:06.891] [main/INFO] [Bons and Furious/]: Bons and Furious: vanilla_spawn_gate_visibility_memo is disabled by config; net.minecraft.server.level.ServerLevel is left unchanged 
[01:16:06.891] [main/INFO] [Bons and Furious/]: Bons and Furious: spawn_sealife_waterlogged_memo is disabled by config; com.ninni.spawn.server.block.entity.SeaLifeDecoBlockEntity is left unchanged 
[01:16:06.892] [main/INFO] [Bons and Furious/]: Bons and Furious: storagedrawers_count_sync_holders is disabled by config; com.jaquadro.minecraft.storagedrawers.block.tile.BlockEntityDrawers is left unchanged 
[01:16:06.892] [main/INFO] [Bons and Furious/]: Bons and Furious: storagedrawers_count_sync_holders is disabled by config; com.jaquadro.minecraft.storagedrawers.block.tile.BlockEntityDrawersComp$GroupData is left unchanged 
[01:16:06.892] [main/INFO] [Bons and Furious/]: Bons and Furious: storagedrawers_count_sync_holders is disabled by config; net.minecraft.server.players.PlayerList is left unchanged 
[01:16:06.892] [main/INFO] [Bons and Furious/]: Bons and Furious: structurify_height_cache is disabled by config; com.faboslav.structurify.common.world.level.chunk.ChunkGeneratorHeightCacheKey is left unchanged 
[01:16:06.893] [main/INFO] [Bons and Furious/]: Bons and Furious: structurify_height_cache is disabled by config; com.faboslav.structurify.common.world.level.chunk.ChunkGeneratorHeightCache is left unchanged 
[01:16:06.893] [main/INFO] [Bons and Furious/]: Bons and Furious: structurify_set_data_single_lookup is disabled by config; com.faboslav.structurify.common.util.RandomSpreadUtil is left unchanged 
[01:16:06.893] [main/INFO] [Bons and Furious/]: Bons and Furious: structurify_check_memo_slim is disabled by config; com.faboslav.structurify.common.world.level.structure.checks.StructureChecker is left unchanged 
[01:16:06.893] [main/INFO] [Bons and Furious/]: Bons and Furious: vanilla_tag_membership_ids is disabled by config; net.minecraft.core.Holder$Reference is left unchanged 
[01:16:06.894] [main/INFO] [Bons and Furious/]: Bons and Furious: vanilla_tag_membership_ids is disabled by config; net.minecraft.tags.TagKey is left unchanged 
[01:16:06.894] [main/INFO] [Bons and Furious/]: Bons and Furious: terrablender_namespace_rule_memo is disabled by config; terrablender.worldgen.surface.NamespacedSurfaceRuleSource$NamespacedRule is left unchanged 
[01:16:06.894] [main/INFO] [Bons and Furious/]: Bons and Furious: terrablender_lazy_namespace_rules is disabled by config; terrablender.worldgen.surface.NamespacedSurfaceRuleSource is left unchanged 
[01:16:06.897] [main/INFO] [Bons and Furious/]: Bons and Furious: terrain_final_density_reuse is disabled by config; net.minecraft.world.level.levelgen.DensityFunctions$Spline is left unchanged 
[01:16:06.897] [main/INFO] [Bons and Furious/]: Bons and Furious: terrain_final_density_reuse is disabled by config; net.minecraft.world.level.levelgen.DensityFunctions$Ap2 is left unchanged 
[01:16:06.897] [main/INFO] [Bons and Furious/]: Bons and Furious: terrain_final_density_reuse is disabled by config; net.minecraft.world.level.levelgen.DensityFunctions$BlendDensity is left unchanged 
[01:16:06.897] [main/INFO] [Bons and Furious/]: Bons and Furious: terrain_final_density_reuse is disabled by config; net.minecraft.world.level.levelgen.DensityFunctions$RangeChoice is left unchanged 
[01:16:06.897] [main/INFO] [Bons and Furious/]: Bons and Furious: terrain_final_density_reuse is disabled by config; net.minecraft.world.level.levelgen.DensityFunctions$ShiftedNoise is left unchanged 
[01:16:06.897] [main/INFO] [Bons and Furious/]: Bons and Furious: terrain_final_density_reuse is disabled by config; net.minecraft.world.level.levelgen.DensityFunctions$WeirdScaledSampler is left unchanged 
[01:16:06.898] [main/INFO] [Bons and Furious/]: Bons and Furious: terrain_final_density_reuse is disabled by config; net.minecraft.world.level.levelgen.DensityFunctions$MarkerOrMarked is left unchanged 
[01:16:06.898] [main/INFO] [Bons and Furious/]: Bons and Furious: terrain_final_density_reuse is disabled by config; net.minecraft.world.level.levelgen.NoiseChunk is left unchanged 
[01:16:06.898] [main/INFO] [Bons and Furious/]: Bons and Furious: terrain_surface_estimate_share is disabled by config; net.minecraft.world.level.levelgen.NoiseChunk is left unchanged 
[01:16:06.898] [main/INFO] [Bons and Furious/]: Bons and Furious: vanilla_noise_column_cache is disabled by config; net.minecraft.world.level.levelgen.NoiseBasedChunkGenerator is left unchanged 
[01:16:06.899] [main/INFO] [Bons and Furious/]: Bons and Furious: vanilla_climate_sample_repeat is disabled by config; net.minecraft.world.level.biome.Climate$Sampler is left unchanged 
[01:16:06.899] [main/INFO] [Bons and Furious/]: Bons and Furious: vanilla_climate_search_repeat is disabled by config; net.minecraft.world.level.biome.Climate$RTree is left unchanged 
[01:16:06.899] [main/INFO] [Bons and Furious/]: Bons and Furious: vanilla_climate_rtree_flat_bounds is disabled by config; net.minecraft.world.level.biome.Climate$RTree$Node is left unchanged 
[01:16:06.899] [main/INFO] [Bons and Furious/]: Bons and Furious: vanilla_noise_wrap_presize is disabled by config; net.minecraft.world.level.levelgen.NoiseChunk is left unchanged 
[01:16:06.899] [main/INFO] [Bons and Furious/]: Bons and Furious: vanilla_noise_wrap_presize is disabled by config; net.minecraft.world.level.levelgen.RandomState is left unchanged 
[01:16:06.900] [main/INFO] [Bons and Furious/]: Bons and Furious: vanilla_ticker_range_memo is disabled by config; net.minecraft.server.level.DistanceManager is left unchanged 
[01:16:06.900] [main/INFO] [Bons and Furious/]: Bons and Furious: vanilla_ticker_range_memo is disabled by config; net.minecraft.world.level.Level is left unchanged 
[01:16:06.900] [main/INFO] [Bons and Furious/]: Bons and Furious: vanilla_ticker_range_memo is disabled by config; net.minecraft.server.level.ServerLevel is left unchanged 
[01:16:06.900] [main/INFO] [Bons and Furious/]: Bons and Furious: vanilla_ticker_range_memo is disabled by config; net.minecraft.world.level.chunk.LevelChunk$RebindableTickingBlockEntityWrapper is left unchanged 
[01:16:06.901] [main/INFO] [Bons and Furious/]: Bons and Furious: vanilla_ticker_range_memo is disabled by config; net.minecraft.server.level.TickingTracker is left unchanged 
[01:16:06.901] [main/INFO] [Bons and Furious/]: Bons and Furious: vanilla_block_ticking_range_memo is disabled by config; net.minecraft.server.level.TickingTracker is left unchanged 
[01:16:06.901] [main/INFO] [Bons and Furious/]: Bons and Furious: vanilla_block_ticking_range_memo is disabled by config; net.minecraft.server.level.DistanceManager is left unchanged 
[01:16:06.901] [main/INFO] [Bons and Furious/]: Bons and Furious: vanilla_chunk_status_name_memo is disabled by config; net.minecraft.world.level.chunk.status.ChunkStatus is left unchanged 
[01:16:06.902] [main/INFO] [Bons and Furious/]: Bons and Furious: vanilla_entity_section_x_overflow is disabled by config; net.minecraft.world.level.entity.EntitySectionStorage is left unchanged 
[01:16:06.902] [main/INFO] [Bons and Furious/]: Bons and Furious: vanilla_cursor_counters is disabled by config; net.minecraft.core.Cursor3D is left unchanged 
[01:16:06.902] [main/INFO] [Bons and Furious/]: Bons and Furious: vanilla_suffocation_scan_loop is disabled by config; net.minecraft.world.entity.Entity is left unchanged 
[01:16:06.902] [main/INFO] [Bons and Furious/]: Bons and Furious: vanilla_fire_scan_loop is disabled by config; net.minecraft.world.entity.Entity is left unchanged 
[01:16:06.903] [main/INFO] [Bons and Furious/]: Bons and Furious: vanilla_framed_map_holder_scan is disabled by config; net.minecraft.world.level.saveddata.maps.MapItemSavedData is left unchanged 
[01:16:06.903] [main/INFO] [Bons and Furious/]: Bons and Furious: vanilla_game_event_registry_lookup is disabled by config; net.minecraft.world.level.gameevent.GameEventDispatcher is left unchanged 
[01:16:06.903] [main/INFO] [Bons and Furious/]: Bons and Furious: vanilla_game_event_registry_lookup is disabled by config; net.minecraft.world.level.chunk.LevelChunk is left unchanged 
[01:16:06.904] [main/INFO] [Bons and Furious/]: Bons and Furious: vanilla_goal_flags_none_disabled is disabled by config; net.minecraft.world.entity.ai.goal.GoalSelector is left unchanged 
[01:16:06.904] [main/INFO] [Bons and Furious/]: Bons and Furious: vanilla_item_merge_candidates is disabled by config; net.minecraft.world.entity.item.ItemEntity is left unchanged 
[01:16:06.905] [main/INFO] [Bons and Furious/]: Bons and Furious: vanilla_long_jump_weighted_pick is disabled by config; net.minecraft.world.entity.ai.behavior.LongJumpToRandomPos is left unchanged 
[01:16:06.905] [main/INFO] [Bons and Furious/]: Bons and Furious: vanilla_mob_class_warmup is disabled by config; net.neoforged.neoforge.server.ServerLifecycleHooks is left unchanged 
[01:16:06.905] [main/INFO] [Bons and Furious/]: Bons and Furious: vanilla_raycast_fluid_none is disabled by config; net.minecraft.world.level.Level is left unchanged 
[01:16:06.905] [main/INFO] [Bons and Furious/]: Bons and Furious: vanilla_raycast_fluid_none is disabled by config; net.minecraft.world.level.ClipContext is left unchanged 
[01:16:06.906] [main/INFO] [Bons and Furious/]: Bons and Furious: vanilla_turtle_egg_search_sections is disabled by config; net.minecraft.world.entity.ai.goal.MoveToBlockGoal is left unchanged 
[01:16:06.906] [main/INFO] [Bons and Furious/]: Bons and Furious: vanilla_turtle_egg_search_sections is disabled by config; net.minecraft.world.entity.ai.goal.RemoveBlockGoal is left unchanged 
[01:16:06.906] [main/INFO] [Bons and Furious/]: Bons and Furious: vanilla_repellent_search_sections is disabled by config; net.minecraft.world.entity.ai.sensing.PiglinSpecificSensor is left unchanged 
[01:16:06.906] [main/INFO] [Bons and Furious/]: Bons and Furious: vanilla_repellent_search_sections is disabled by config; net.minecraft.world.entity.ai.sensing.HoglinSpecificSensor is left unchanged 
[01:16:06.906] [main/INFO] [Bons and Furious/]: Bons and Furious: vanilla_strip_formatting_fast_path is disabled by config; net.minecraft.ChatFormatting is left unchanged 
[01:16:06.907] [main/INFO] [Bons and Furious/]: Bons and Furious: vanilla_aquifer_candidate_cache is disabled by config; net.minecraft.world.level.levelgen.Aquifer$NoiseBasedAquifer is left unchanged 
[01:16:06.908] [main/INFO] [Bons and Furious/]: Bons and Furious: vanilla_aquifer_high_air is disabled by config; net.minecraft.world.level.levelgen.Aquifer$NoiseBasedAquifer is left unchanged 
[01:16:06.908] [main/INFO] [Bons and Furious/]: Bons and Furious: vanilla_aquifer_high_air is disabled by config; net.minecraft.world.level.levelgen.Aquifer$FluidStatus is left unchanged 
[01:16:06.909] [main/INFO] [Bons and Furious/]: Bons and Furious: vanilla_beardifier_influence_bounds is disabled by config; net.minecraft.world.level.levelgen.Beardifier is left unchanged 
[01:16:06.909] [main/INFO] [Bons and Furious/]: Bons and Furious: vanilla_biome_fiddle_mask is disabled by config; net.minecraft.world.level.biome.BiomeManager is left unchanged 
[01:16:06.909] [main/INFO] [Bons and Furious/]: Bons and Furious: terrain_density_memo is disabled by config; agentcraft.terrain.mixin.NoiseChunkMixin is not applied to net.minecraft.world.level.levelgen.NoiseChunk 
[01:16:06.910] [main/INFO] [Bons and Furious/]: Bons and Furious: terrain_density_memo is disabled by config; agentcraft.terrain.mixin.HolderHolderMixin is not applied to net.minecraft.world.level.levelgen.DensityFunctions$HolderHolder 
WARN StatusConsoleListener Advanced terminal features are not available in this environment
[01:16:07] [main/INFO] [MixinExtras|Service/]: Initializing MixinExtras via com.llamalad7.mixinextras.service.MixinExtrasServiceImpl(version=0.5.3).
[01:16:12] [modloading-worker-0/INFO] [Bons and Furious/]: Bons and Furious 1.0.35+mc1.21.1 constructed; 171 switch(es) disabled in <port>\runtime\p35-ga-off3\config\bons_and_furious.properties
[01:16:12] [modloading-worker-0/INFO] [de.si.ge.co.de.co.DensityFunctionCompiler/]: DensityFunctionCompiler initialising - runtime DF JIT pipeline enabling.
[01:16:12] [modloading-worker-0/INFO] [de.si.ge.co.de.co.DensityFunctionCompiler/]: DFC vector: disabled (jdk.incubator.vector not on module path; use --add-modules jdk.incubator.vector to enable)
[01:16:12] [modloading-worker-0/INFO] [ne.ne.ne.co.NeoForgeMod/NEOFORGE-MOD]: NeoForge mod loading, version 21.1.252, for MC 1.21.1
[01:16:12] [modloading-worker-0/INFO] [de.si.ge.co.de.co.DensityFunctionCompiler/]: DFC native noise: libraryLoaded=false, avx2=false
[01:16:12] [modloading-worker-0/WARN] [de.si.ge.co.de.co.DensityFunctionCompiler/]: DFC native noise: not loaded (unknown reason). Put natives/dfc/prebuilts/<platform>/... or set env DFC_NATIVE_LIBRARY to the absolute path of dfc_native.dll / .so / .dylib.
[01:16:12] [main/INFO] [mojang/YggdrasilAuthenticationService]: Environment: Environment[sessionHost=https://sessionserver.mojang.com, servicesHost=https://api.minecraftservices.com, name=PROD]
[01:16:12] [main/WARN] [minecraft/VanillaPackResourcesBuilder]: Assets URL 'union:/<port>/runtime/p35-ga-off3/libraries/net/minecraft/server/1.21.1-20240808.144430/server-1.21.1-20240808.144430-srg.jar%23120!/assets/.mcassetsroot' uses unexpected schema
[01:16:12] [main/WARN] [minecraft/VanillaPackResourcesBuilder]: Assets URL 'union:/<port>/runtime/p35-ga-off3/libraries/net/minecraft/server/1.21.1-20240808.144430/server-1.21.1-20240808.144430-srg.jar%23120!/data/.mcassetsroot' uses unexpected schema
[01:16:12] [main/INFO] [bo.pu.fi.FunctionFixPacks/]: Bons and Furious: scorched_sandcrab_burrow_gate is disabled by config; mr_scorched functions are left unchanged
[01:16:13] [main/INFO] [Generator Accelerator Debug/]: Create FixedPlacement size: 1
[01:16:13] [main/INFO] [minecraft/Main]: No existing world data, creating new world
[01:16:14] [main/INFO] [minecraft/RecipeManager]: Loaded 1290 recipes
[01:16:14] [main/INFO] [minecraft/AdvancementTree]: Loaded 1399 advancements
[01:16:14] [Server thread/INFO] [minecraft/DedicatedServer]: Starting minecraft server version 1.21.1
[01:16:14] [Server thread/INFO] [minecraft/DedicatedServer]: Loading properties
[01:16:14] [Server thread/INFO] [minecraft/DedicatedServer]: Default game type: SURVIVAL
[01:16:14] [Server thread/INFO] [minecraft/MinecraftServer]: Generating keypair
[01:16:14] [Server thread/INFO] [minecraft/DedicatedServer]: Starting Minecraft server on *:25579
[01:16:14] [Server thread/INFO] [minecraft/ServerConnectionListener]: Using default channel type
[01:16:14] [Server thread/WARN] [minecraft/DedicatedServer]: **** SERVER IS RUNNING IN OFFLINE/INSECURE MODE!
[01:16:14] [Server thread/WARN] [minecraft/DedicatedServer]: The server will make no attempt to authenticate usernames. Beware.
[01:16:14] [Server thread/WARN] [minecraft/DedicatedServer]: While this makes the game possible to play without internet access, it also opens up the ability for hackers to connect with any username they choose.
[01:16:14] [Server thread/WARN] [minecraft/DedicatedServer]: To change this, set "online-mode" to "true" in the server.properties file.
[01:16:14] [Server thread/INFO] [minecraft/DedicatedServer]: Preparing level "world"
[01:16:15] [Server thread/INFO] [de.si.ge.co.de.co.DensityFunctionCompiler/]: DFC compiled NoiseRouter + Climate.Sampler for RandomState(seed=2a362e31) in 140ms
[01:16:16] [GA-NOISE-2/INFO] [Generator Accelerator/]: PLATFORM: NEOFORGE
[01:16:16] [GA-NOISE-2/INFO] [Generator Accelerator/]: STATE REGISTRY SIZE: 26684
[01:16:16] [GA-NOISE-2/INFO] [Generator Accelerator/]: STATE CACHE CAPACITY: 26684
[01:16:17] [Server thread/INFO] [de.si.ge.co.de.co.DensityFunctionCompiler/]: DFC compiled NoiseRouter + Climate.Sampler for RandomState(seed=2a362e31) in 2ms
[01:16:17] [Server thread/INFO] [de.si.ge.co.de.co.DensityFunctionCompiler/]: DFC compiled NoiseRouter + Climate.Sampler for RandomState(seed=2a362e31) in 2ms
[01:16:17] [Server thread/INFO] [minecraft/MinecraftServer]: Preparing start region for dimension minecraft:overworld
[01:16:17] [GA-WORKSPACE-5/INFO] [minecraft/LoggerChunkProgressListener]: Preparing spawn area: 2%
[01:16:17] [GA-WORKSPACE-1/INFO] [minecraft/LoggerChunkProgressListener]: Preparing spawn area: 2%
[01:16:18] [GA-NOISE-7/INFO] [minecraft/LoggerChunkProgressListener]: Preparing spawn area: 2%
[01:16:18] [GA-WORKSPACE-2/INFO] [minecraft/LoggerChunkProgressListener]: Preparing spawn area: 2%
[01:16:19] [GA-TRANSACTIONAL-2/INFO] [minecraft/LoggerChunkProgressListener]: Preparing spawn area: 2%
[01:16:19] [GA-TRANSACTIONAL-2/INFO] [minecraft/LoggerChunkProgressListener]: Preparing spawn area: 53%
