[05:03:17.391] [main/INFO] [Launcher/MODLAUNCHER]: ModLauncher running: args [--launchTarget, forgeserver, --fml.neoForgeVersion, 21.1.252, --fml.fmlVersion, 4.0.44, --fml.mcVersion, 1.21.1, --fml.neoFormVersion, 20240808.144430, --nogui] 
[05:03:17.393] [main/INFO] [Launcher/MODLAUNCHER]: JVM identified as Eclipse Adoptium OpenJDK 64-Bit Server VM 21.0.12.1+1-LTS 
[05:03:17.394] [main/INFO] [Launcher/MODLAUNCHER]: ModLauncher 11.0.5+main.901c6ea8 starting: java version 21.0.12.1 by Eclipse Adoptium; OS Windows 11 arch amd64 version 10.0 
[05:03:17.462] [main/INFO] [loading.ImmediateWindowHandler/]: ImmediateWindowProvider not loading because launch target is forgeserver 
[05:03:17.518] [main/INFO] [mixin/]: SpongePowered MIXIN Subsystem Version=0.8.7 Source=union:/<port>/runtime/p30-servercore-control/libraries/net/fabricmc/sponge-mixin/0.15.2+mixin.0.8.7/sponge-mixin-0.15.2+mixin.0.8.7.jar%2373!/ Service=ModLauncher Env=SERVER 
[05:03:17.737] [main/INFO] [loading.moddiscovery.ModDiscoverer/SCAN]: Found mod file "server-1.21.1-20240808.144430-srg.jar" [locator: production server provider +net.neoforged:neoforge:21.1.252:server] 
[05:03:17.753] [main/INFO] [loading.moddiscovery.ModDiscoverer/SCAN]: Found mod file "neoforge-21.1.252-universal.jar" [locator: PathBasedLocator[name=neoforge, paths=[libraries\net\neoforged\neoforge\21.1.252\neoforge-21.1.252-universal.jar]], reader: mod manifest] 
[05:03:17.756] [main/INFO] [loading.moddiscovery.ModDiscoverer/SCAN]: Found mod file "bons-port-probe-1.jar" [locator: {mods folder locator at <port>\runtime\p30-servercore-control\mods}, reader: mod manifest] 
[05:03:17.766] [main/INFO] [loading.moddiscovery.ModDiscoverer/SCAN]: Found mod file "bons_and_furious-neoforge-1.0.30+mc1.21.1-before-servercore-6e9237dd.jar" [locator: {mods folder locator at <port>\runtime\p30-servercore-control\mods}, reader: mod manifest] 
[05:03:17.768] [main/INFO] [loading.moddiscovery.ModDiscoverer/SCAN]: Found mod file "servercore-neoforge-1.5.19+1.21.1.jar" [locator: {mods folder locator at <port>\runtime\p30-servercore-control\mods}, reader: mod manifest] 
[05:03:17.862] [main/INFO] [loading.moddiscovery.locators.JarInJarDependencyLocator/]: Found 7 dependencies adding them to mods collection 
[05:03:17.863] [main/INFO] [loading.moddiscovery.ModDiscoverer/SCAN]: Found gamelibrary file "mixinextras-neoforge-0.5.3.jar" [parent: neoforge-21.1.252-universal.jar, locator: jarinjar, reader: mod manifest] 
[05:03:17.863] [main/INFO] [loading.moddiscovery.ModDiscoverer/SCAN]: Found library file "dazzleconf-ext-snakeyaml-1.3.0-M2.jar" [parent: servercore-neoforge-1.5.19+1.21.1.jar, locator: jarinjar] 
[05:03:17.863] [main/INFO] [loading.moddiscovery.ModDiscoverer/SCAN]: Found gamelibrary file "mixinsquared-neoforge-0.3.6-beta.1.jar" [parent: bons_and_furious-neoforge-1.0.30+mc1.21.1-before-servercore-6e9237dd.jar, locator: jarinjar, reader: mod manifest] 
[05:03:17.863] [main/INFO] [loading.moddiscovery.ModDiscoverer/SCAN]: Found library file "MixinSquared-0.3.6-beta.1.jar" [parent: mixinsquared-neoforge-0.3.6-beta.1.jar, locator: jarinjar] 
[05:03:17.863] [main/INFO] [loading.moddiscovery.ModDiscoverer/SCAN]: Found library file "net.neoforged.neoforge-coremods-21.1.252.jar" [parent: neoforge-21.1.252-universal.jar, locator: jarinjar, reader: mod manifest] 
[05:03:17.863] [main/INFO] [loading.moddiscovery.ModDiscoverer/SCAN]: Found library file "snakeyaml-2.6.jar" [parent: servercore-neoforge-1.5.19+1.21.1.jar, locator: jarinjar] 
[05:03:17.863] [main/INFO] [loading.moddiscovery.ModDiscoverer/SCAN]: Found library file "dazzleconf-core-1.3.0-M2.jar" [parent: servercore-neoforge-1.5.19+1.21.1.jar, locator: jarinjar] 
[05:03:17.864] [main/INFO] [loading.moddiscovery.ModDiscoverer/]: 
     Mod List:
		Name Version (Mod Id)

		Bons and Furious 1.0.30+mc1.21.1 (bons_and_furious)
		Bons Port Qualification Probe 1 (bons_port_probe)
		Minecraft 1.21.1 (minecraft)
		NeoForge 21.1.252 (neoforge)
		ServerCore 1.5.19+1.21.1 (servercore) 
[05:03:18.172] [main/INFO] [mixin/]: Compatibility level set to JAVA_21 
[05:03:18.201] [main/INFO] [LaunchServiceHandler/MODLAUNCHER]: Launching target 'forgeserver' with arguments [--nogui] 
[05:03:18.339] [main/INFO] [Bons and Furious/]: Bons and Furious wrote the default configuration to <port>\runtime\p30-servercore-control\config\bons_and_furious.properties 
[05:03:18.340] [main/INFO] [Bons and Furious/]: Bons and Furious 1.0.30+mc1.21.1: 165 of 165 optimizations enabled from <port>\runtime\p30-servercore-control\config\bons_and_furious.properties 
WARN StatusConsoleListener Advanced terminal features are not available in this environment
[05:03:19] [main/INFO] [MixinExtras|Service/]: Initializing MixinExtras via com.llamalad7.mixinextras.service.MixinExtrasServiceImpl(version=0.5.3).
[05:03:23] [modloading-worker-0/INFO] [Bons and Furious/]: Bons and Furious 1.0.30+mc1.21.1 constructed; 0 switch(es) disabled in <port>\runtime\p30-servercore-control\config\bons_and_furious.properties
[05:03:23] [modloading-worker-0/INFO] [ne.ne.ne.co.NeoForgeMod/NEOFORGE-MOD]: NeoForge mod loading, version 21.1.252, for MC 1.21.1
[05:03:23] [modloading-worker-0/INFO] [me.we.se.co.ServerCore/]: [ServerCore] Loaded V1.5.19+1.21.1!
[05:03:23] [main/INFO] [mojang/YggdrasilAuthenticationService]: Environment: Environment[sessionHost=https://sessionserver.mojang.com, servicesHost=https://api.minecraftservices.com, name=PROD]
[05:03:23] [main/WARN] [minecraft/VanillaPackResourcesBuilder]: Assets URL 'union:/<port>/runtime/p30-servercore-control/libraries/net/minecraft/server/1.21.1-20240808.144430/server-1.21.1-20240808.144430-srg.jar%23120!/assets/.mcassetsroot' uses unexpected schema
[05:03:23] [main/WARN] [minecraft/VanillaPackResourcesBuilder]: Assets URL 'union:/<port>/runtime/p30-servercore-control/libraries/net/minecraft/server/1.21.1-20240808.144430/server-1.21.1-20240808.144430-srg.jar%23120!/data/.mcassetsroot' uses unexpected schema
[05:03:23] [main/INFO] [Bons and Furious/]: Bons and Furious: vanilla_climate_tree_span_bounds computes climate subtree ranges without intermediate objects
[05:03:23] [main/INFO] [Bons and Furious/]: Bons and Furious: vanilla_climate_tree_sort_keys sorts climate search tree nodes by precomputed keys
[05:03:24] [main/INFO] [minecraft/Main]: No existing world data, creating new world
[05:03:24] [main/INFO] [minecraft/RecipeManager]: Loaded 1290 recipes
[05:03:24] [main/INFO] [minecraft/AdvancementTree]: Loaded 1399 advancements
[05:03:24] [Server thread/INFO] [minecraft/DedicatedServer]: Starting minecraft server version 1.21.1
[05:03:24] [Server thread/INFO] [minecraft/DedicatedServer]: Loading properties
[05:03:24] [Server thread/INFO] [minecraft/DedicatedServer]: Default game type: SURVIVAL
[05:03:24] [Server thread/INFO] [minecraft/MinecraftServer]: Generating keypair
[05:03:24] [Server thread/INFO] [minecraft/DedicatedServer]: Starting Minecraft server on *:25579
[05:03:25] [Server thread/INFO] [minecraft/ServerConnectionListener]: Using default channel type
[05:03:25] [Server thread/WARN] [minecraft/DedicatedServer]: **** SERVER IS RUNNING IN OFFLINE/INSECURE MODE!
[05:03:25] [Server thread/WARN] [minecraft/DedicatedServer]: The server will make no attempt to authenticate usernames. Beware.
[05:03:25] [Server thread/WARN] [minecraft/DedicatedServer]: While this makes the game possible to play without internet access, it also opens up the ability for hackers to connect with any username they choose.
[05:03:25] [Server thread/WARN] [minecraft/DedicatedServer]: To change this, set "online-mode" to "true" in the server.properties file.
[05:03:25] [Server thread/INFO] [minecraft/DedicatedServer]: Preparing level "world"
[05:03:25] [Server thread/WARN] [mixin/]: @Redirect conflict. Skipping servercore.common.mixins.json:optimizations.ticking.chunk.cache.ServerChunkCacheMixin from mod servercore->@Redirect::servercore$skipUnloadedChunks(Lnet/minecraft/server/level/ServerLevel;Lnet/minecraft/world/level/ChunkPos;)Z with priority 900, already redirected by bons_and_furious.spawn_gate.mixins.json:ServerChunkCacheSpawnGateMixin from mod bons_and_furious->@Redirect::bons$spawnGate(Lnet/minecraft/server/level/ServerLevel;Lnet/minecraft/world/level/ChunkPos;)Z with priority 1000
[05:03:25] [Server thread/ERROR] [minecraft/MinecraftServer]: Encountered an unexpected exception
org.spongepowered.asm.mixin.transformer.throwables.MixinTransformerError: An unexpected critical error was encountered
	at MC-BOOTSTRAP/org.spongepowered.mixin/org.spongepowered.asm.mixin.transformer.MixinProcessor.applyMixins(MixinProcessor.java:392) ~[sponge-mixin-0.15.2+mixin.0.8.7.jar%2373!/:0.15.2+mixin.0.8.7] {}
	at MC-BOOTSTRAP/org.spongepowered.mixin/org.spongepowered.asm.mixin.transformer.MixinTransformer.transformClass(MixinTransformer.java:250) ~[sponge-mixin-0.15.2+mixin.0.8.7.jar%2373!/:0.15.2+mixin.0.8.7] {}
	at MC-BOOTSTRAP/org.spongepowered.mixin/org.spongepowered.asm.service.modlauncher.MixinTransformationHandler.processClass(MixinTransformationHandler.java:131) ~[sponge-mixin-0.15.2+mixin.0.8.7.jar%2373!/:0.15.2+mixin.0.8.7] {}
	at MC-BOOTSTRAP/org.spongepowered.mixin/org.spongepowered.asm.launch.MixinLaunchPluginLegacy.processClass(MixinLaunchPluginLegacy.java:131) ~[sponge-mixin-0.15.2+mixin.0.8.7.jar%2373!/:0.15.2+mixin.0.8.7] {}
	at MC-BOOTSTRAP/cpw.mods.modlauncher@11.0.5/cpw.mods.modlauncher.serviceapi.ILaunchPluginService.processClassWithFlags(ILaunchPluginService.java:156) ~[modlauncher-11.0.5.jar%2364!/:11.0.5+main.901c6ea8] {}
	at MC-BOOTSTRAP/cpw.mods.modlauncher@11.0.5/cpw.mods.modlauncher.LaunchPluginHandler.offerClassNodeToPlugins(LaunchPluginHandler.java:94) ~[modlauncher-11.0.5.jar%2364!/:?] {}
	at MC-BOOTSTRAP/cpw.mods.modlauncher@11.0.5/cpw.mods.modlauncher.ClassTransformer.transform(ClassTransformer.java:120) ~[modlauncher-11.0.5.jar%2364!/:?] {}
	at MC-BOOTSTRAP/cpw.mods.modlauncher@11.0.5/cpw.mods.modlauncher.TransformingClassLoader.maybeTransformClassBytes(TransformingClassLoader.java:57) ~[modlauncher-11.0.5.jar%2364!/:?] {}
	at cpw.mods.securejarhandler/cpw.mods.cl.ModuleClassLoader.readerToClass(ModuleClassLoader.java:190) ~[securejarhandler-3.0.8.jar:?] {}
	at cpw.mods.securejarhandler/cpw.mods.cl.ModuleClassLoader.lambda$findClass$20(ModuleClassLoader.java:298) ~[securejarhandler-3.0.8.jar:?] {}
	at cpw.mods.securejarhandler/cpw.mods.cl.ModuleClassLoader.loadFromModule(ModuleClassLoader.java:311) ~[securejarhandler-3.0.8.jar:?] {}
	at cpw.mods.securejarhandler/cpw.mods.cl.ModuleClassLoader.findClass(ModuleClassLoader.java:298) ~[securejarhandler-3.0.8.jar:?] {}
	at cpw.mods.securejarhandler/cpw.mods.cl.ModuleClassLoader.loadClass(ModuleClassLoader.java:214) ~[securejarhandler-3.0.8.jar:?] {}
	at java.base/java.lang.ClassLoader.loadClass(ClassLoader.java:526) ~[?:?] {}
	at TRANSFORMER/minecraft@1.21.1/net.minecraft.server.MinecraftServer.createLevels(MinecraftServer.java:367) ~[server-1.21.1-20240808.144430-srg.jar%23120!/:?] {re:mixin,pl:accesstransformer:B,re:classloading,pl:accesstransformer:B,pl:mixin:APP:servercore.common.mixins.json:features.misc.MinecraftServerMixin from mod servercore,pl:mixin:APP:servercore.common.mixins.json:MinecraftServerMixin from mod servercore,pl:mixin:A}
	at TRANSFORMER/minecraft@1.21.1/net.minecraft.server.MinecraftServer.loadLevel(MinecraftServer.java:337) ~[server-1.21.1-20240808.144430-srg.jar%23120!/:?] {re:mixin,pl:accesstransformer:B,re:classloading,pl:accesstransformer:B,pl:mixin:APP:servercore.common.mixins.json:features.misc.MinecraftServerMixin from mod servercore,pl:mixin:APP:servercore.common.mixins.json:MinecraftServerMixin from mod servercore,pl:mixin:A}
	at TRANSFORMER/minecraft@1.21.1/net.minecraft.server.dedicated.DedicatedServer.initServer(DedicatedServer.java:193) ~[server-1.21.1-20240808.144430-srg.jar%23120!/:?] {re:classloading}
	at TRANSFORMER/minecraft@1.21.1/net.minecraft.server.MinecraftServer.runServer(MinecraftServer.java:670) ~[server-1.21.1-20240808.144430-srg.jar%23120!/:?] {re:mixin,pl:accesstransformer:B,re:classloading,pl:accesstransformer:B,pl:mixin:APP:servercore.common.mixins.json:features.misc.MinecraftServerMixin from mod servercore,pl:mixin:APP:servercore.common.mixins.json:MinecraftServerMixin from mod servercore,pl:mixin:A}
	at TRANSFORMER/minecraft@1.21.1/net.minecraft.server.MinecraftServer.lambda$spin$2(MinecraftServer.java:267) ~[server-1.21.1-20240808.144430-srg.jar%23120!/:?] {re:mixin,pl:accesstransformer:B,re:classloading,pl:accesstransformer:B,pl:mixin:APP:servercore.common.mixins.json:features.misc.MinecraftServerMixin from mod servercore,pl:mixin:APP:servercore.common.mixins.json:MinecraftServerMixin from mod servercore,pl:mixin:A}
	at java.base/java.lang.Thread.run(Thread.java:1583) [?:?] {re:mixin}
Caused by: org.spongepowered.asm.mixin.injection.throwables.InjectionError: Critical injection failure: Redirector servercore$skipUnloadedChunks(Lnet/minecraft/server/level/ServerLevel;Lnet/minecraft/world/level/ChunkPos;Lcom/llamalad7/mixinextras/sugar/ref/LocalRef;)Z in servercore.common.mixins.json:optimizations.ticking.chunk.cache.ServerChunkCacheMixin from mod servercore failed injection check, (0/1) succeeded. Scanned 0 target(s). No refMap loaded.
	at MC-BOOTSTRAP/org.spongepowered.mixin/org.spongepowered.asm.mixin.injection.struct.InjectionInfo.postInject(InjectionInfo.java:531) ~[sponge-mixin-0.15.2+mixin.0.8.7.jar%2373!/:0.15.2+mixin.0.8.7] {}
	at TRANSFORMER/mixinextras.neoforge@0.5.3/com.llamalad7.mixinextras.wrapper.InjectorWrapperImpl.doPostInject(InjectorWrapperImpl.java:88) ~[mixinextras-neoforge-0.5.3.jar%23135!/:?] {re:classloading}
	at TRANSFORMER/mixinextras.neoforge@0.5.3/com.llamalad7.mixinextras.sugar.impl.SugarWrapperImpl.doPostInject(SugarWrapperImpl.java:88) ~[mixinextras-neoforge-0.5.3.jar%23135!/:?] {re:classloading}
	at TRANSFORMER/mixinextras.neoforge@0.5.3/com.llamalad7.mixinextras.wrapper.WrapperInjectionInfo.postInject(WrapperInjectionInfo.java:85) ~[mixinextras-neoforge-0.5.3.jar%23135!/:?] {re:classloading}
	at MC-BOOTSTRAP/org.spongepowered.mixin/org.spongepowered.asm.mixin.transformer.MixinTargetContext.applyInjections(MixinTargetContext.java:1490) ~[sponge-mixin-0.15.2+mixin.0.8.7.jar%2373!/:0.15.2+mixin.0.8.7] {}
	at MC-BOOTSTRAP/org.spongepowered.mixin/org.spongepowered.asm.mixin.transformer.MixinApplicatorStandard.applyInjections(MixinApplicatorStandard.java:752) ~[sponge-mixin-0.15.2+mixin.0.8.7.jar%2373!/:0.15.2+mixin.0.8.7] {}
	at MC-BOOTSTRAP/org.spongepowered.mixin/org.spongepowered.asm.mixin.transformer.MixinApplicatorStandard.applyMixin(MixinApplicatorStandard.java:330) ~[sponge-mixin-0.15.2+mixin.0.8.7.jar%2373!/:0.15.2+mixin.0.8.7] {}
	at MC-BOOTSTRAP/org.spongepowered.mixin/org.spongepowered.asm.mixin.transformer.MixinApplicatorStandard.apply(MixinApplicatorStandard.java:246) ~[sponge-mixin-0.15.2+mixin.0.8.7.jar%2373!/:0.15.2+mixin.0.8.7] {}
	at MC-BOOTSTRAP/org.spongepowered.mixin/org.spongepowered.asm.mixin.transformer.TargetClassContext.apply(TargetClassContext.java:437) ~[sponge-mixin-0.15.2+mixin.0.8.7.jar%2373!/:0.15.2+mixin.0.8.7] {}
	at MC-BOOTSTRAP/org.spongepowered.mixin/org.spongepowered.asm.mixin.transformer.TargetClassContext.applyMixins(TargetClassContext.java:418) ~[sponge-mixin-0.15.2+mixin.0.8.7.jar%2373!/:0.15.2+mixin.0.8.7] {}
	at MC-BOOTSTRAP/org.spongepowered.mixin/org.spongepowered.asm.mixin.transformer.MixinProcessor.applyMixins(MixinProcessor.java:363) ~[sponge-mixin-0.15.2+mixin.0.8.7.jar%2373!/:0.15.2+mixin.0.8.7] {}
	... 19 more
[05:03:25] [Server thread/FATAL] [ne.ne.ne.co.NeoForgeMod/]: Preparing crash report with UUID 8f8241cd-7feb-4f46-8a54-f4cdc51db866
[05:03:25] [Server thread/ERROR] [minecraft/MinecraftServer]: This crash report has been saved to: <port>\runtime\p30-servercore-control\crash-reports\crash-2026-10-04_05.03.25-server.txt
[05:03:25] [Server thread/INFO] [minecraft/MinecraftServer]: Stopping server
[05:03:25] [Server thread/INFO] [minecraft/MinecraftServer]: Saving players
[05:03:25] [Server thread/INFO] [minecraft/MinecraftServer]: Saving worlds
[05:03:25] [Server thread/ERROR] [minecraft/MinecraftServer]: Exception stopping the server
java.lang.NullPointerException: Cannot invoke "net.minecraft.server.level.ServerLevel.getWorldBorder()" because "serverlevel2" is null
	at TRANSFORMER/minecraft@1.21.1/net.minecraft.server.MinecraftServer.saveAllChunks(MinecraftServer.java:557) ~[server-1.21.1-20240808.144430-srg.jar%23120!/:?] {re:mixin,pl:accesstransformer:B,re:classloading,pl:accesstransformer:B,pl:mixin:APP:servercore.common.mixins.json:features.misc.MinecraftServerMixin from mod servercore,pl:mixin:APP:servercore.common.mixins.json:MinecraftServerMixin from mod servercore,pl:mixin:A}
	at TRANSFORMER/minecraft@1.21.1/net.minecraft.server.MinecraftServer.stopServer(MinecraftServer.java:622) ~[server-1.21.1-20240808.144430-srg.jar%23120!/:?] {re:mixin,pl:accesstransformer:B,re:classloading,pl:accesstransformer:B,pl:mixin:APP:servercore.common.mixins.json:features.misc.MinecraftServerMixin from mod servercore,pl:mixin:APP:servercore.common.mixins.json:MinecraftServerMixin from mod servercore,pl:mixin:A}
	at TRANSFORMER/minecraft@1.21.1/net.minecraft.server.dedicated.DedicatedServer.stopServer(DedicatedServer.java:567) ~[server-1.21.1-20240808.144430-srg.jar%23120!/:?] {re:classloading}
	at TRANSFORMER/minecraft@1.21.1/net.minecraft.server.MinecraftServer.runServer(MinecraftServer.java:742) ~[server-1.21.1-20240808.144430-srg.jar%23120!/:?] {re:mixin,pl:accesstransformer:B,re:classloading,pl:accesstransformer:B,pl:mixin:APP:servercore.common.mixins.json:features.misc.MinecraftServerMixin from mod servercore,pl:mixin:APP:servercore.common.mixins.json:MinecraftServerMixin from mod servercore,pl:mixin:A}
	at TRANSFORMER/minecraft@1.21.1/net.minecraft.server.MinecraftServer.lambda$spin$2(MinecraftServer.java:267) ~[server-1.21.1-20240808.144430-srg.jar%23120!/:?] {re:mixin,pl:accesstransformer:B,re:classloading,pl:accesstransformer:B,pl:mixin:APP:servercore.common.mixins.json:features.misc.MinecraftServerMixin from mod servercore,pl:mixin:APP:servercore.common.mixins.json:MinecraftServerMixin from mod servercore,pl:mixin:A}
	at java.base/java.lang.Thread.run(Thread.java:1583) [?:?] {re:mixin}
