[01:05:44.297] [main/INFO] [Launcher/MODLAUNCHER]: ModLauncher running: args [--launchTarget, forgeserver, --fml.neoForgeVersion, 21.1.252, --fml.fmlVersion, 4.0.44, --fml.mcVersion, 1.21.1, --fml.neoFormVersion, 20240808.144430, --nogui] 
[01:05:44.300] [main/INFO] [Launcher/MODLAUNCHER]: JVM identified as Eclipse Adoptium OpenJDK 64-Bit Server VM 21.0.12.1+1-LTS 
[01:05:44.301] [main/INFO] [Launcher/MODLAUNCHER]: ModLauncher 11.0.5+main.901c6ea8 starting: java version 21.0.12.1 by Eclipse Adoptium; OS Windows 10 arch amd64 version 10.0 
[01:05:44.430] [main/INFO] [loading.ImmediateWindowHandler/]: ImmediateWindowProvider not loading because launch target is forgeserver 
[01:05:44.481] [main/INFO] [mixin/]: SpongePowered MIXIN Subsystem Version=0.8.7 Source=union:/<port>/runtime/p36-ga1/libraries/net/fabricmc/sponge-mixin/0.15.2+mixin.0.8.7/sponge-mixin-0.15.2+mixin.0.8.7.jar%2373!/ Service=ModLauncher Env=SERVER 
[01:05:44.768] [main/INFO] [loading.moddiscovery.ModDiscoverer/SCAN]: Found mod file "server-1.21.1-20240808.144430-srg.jar" [locator: production server provider +net.neoforged:neoforge:21.1.252:server] 
[01:05:44.795] [main/INFO] [loading.moddiscovery.ModDiscoverer/SCAN]: Found mod file "neoforge-21.1.252-universal.jar" [locator: PathBasedLocator[name=neoforge, paths=[libraries\net\neoforged\neoforge\21.1.252\neoforge-21.1.252-universal.jar]], reader: mod manifest] 
[01:05:44.799] [main/INFO] [loading.moddiscovery.ModDiscoverer/SCAN]: Found mod file "bons-port-probe-1.jar" [locator: {mods folder locator at <port>\runtime\p36-ga1\mods}, reader: mod manifest] 
[01:05:44.817] [main/INFO] [loading.moddiscovery.ModDiscoverer/SCAN]: Found mod file "bons_and_furious-neoforge-1.0.38+mc1.21.1.jar" [locator: {mods folder locator at <port>\runtime\p36-ga1\mods}, reader: mod manifest] 
[01:05:44.822] [main/INFO] [loading.moddiscovery.ModDiscoverer/SCAN]: Found mod file "generator-accelerator-1.6.2.jar" [locator: {mods folder locator at <port>\runtime\p36-ga1\mods}, reader: mod manifest] 
[01:05:44.960] [main/INFO] [loading.moddiscovery.locators.JarInJarDependencyLocator/]: Found 7 dependencies adding them to mods collection 
[01:05:44.960] [main/INFO] [loading.moddiscovery.ModDiscoverer/SCAN]: Found gamelibrary file "mixinextras-neoforge-0.5.3.jar" [parent: neoforge-21.1.252-universal.jar, locator: jarinjar, reader: mod manifest] 
[01:05:44.960] [main/INFO] [loading.moddiscovery.ModDiscoverer/SCAN]: Found library file "caffeine-3.1.8.jar" [parent: generator-accelerator-1.6.2.jar, locator: jarinjar] 
[01:05:44.960] [main/INFO] [loading.moddiscovery.ModDiscoverer/SCAN]: Found library file "jctools-core-v4.0.3.jar" [parent: generator-accelerator-1.6.2.jar, locator: jarinjar] 
[01:05:44.960] [main/INFO] [loading.moddiscovery.ModDiscoverer/SCAN]: Found gamelibrary file "mixinsquared-neoforge-0.3.7-beta.1.jar" [parent: generator-accelerator-1.6.2.jar, locator: jarinjar, reader: mod manifest] 
[01:05:44.960] [main/INFO] [loading.moddiscovery.ModDiscoverer/SCAN]: Found library file "MixinSquared-0.3.7-beta.1.jar" [parent: mixinsquared-neoforge-0.3.7-beta.1.jar, locator: jarinjar] 
[01:05:44.960] [main/INFO] [loading.moddiscovery.ModDiscoverer/SCAN]: Found library file "JavaNativeCollections-1.1.0.jar" [parent: generator-accelerator-1.6.2.jar, locator: jarinjar] 
[01:05:44.961] [main/INFO] [loading.moddiscovery.ModDiscoverer/SCAN]: Found library file "net.neoforged.neoforge-coremods-21.1.252.jar" [parent: neoforge-21.1.252-universal.jar, locator: jarinjar, reader: mod manifest] 
[01:05:44.962] [main/INFO] [loading.moddiscovery.ModDiscoverer/]: 
     Mod List:
		Name Version (Mod Id)

		Bons and Furious 1.0.38+mc1.21.1 (bons_and_furious)
		Bons Port Qualification Probe 1 (bons_port_probe)
		Generator Accelerator 1.21.1-1.6.2 (generator_accelerator)
		Minecraft 1.21.1 (minecraft)
		NeoForge 21.1.252 (neoforge) 
[01:05:45.502] [main/INFO] [mixin/]: Compatibility level set to JAVA_21 
[01:05:45.585] [main/INFO] [LaunchServiceHandler/MODLAUNCHER]: Launching target 'forgeserver' with arguments [--nogui] 
[01:05:45.683] [main/INFO] [MGABenchmarkPlugin/]: MGABenchmarkPlugin | Is Developer Environment: false 
[01:05:45.683] [main/INFO] [MGABenchmarkPlugin/]: MGABenchmarkPlugin | Is Server Environment: true 
[01:05:45.705] [main/INFO] [Bons and Furious/]: Bons and Furious wrote the default configuration to <port>\runtime\p36-ga1\config\bons_and_furious.properties 
[01:05:45.706] [main/INFO] [Bons and Furious/]: Bons and Furious 1.0.38+mc1.21.1: 205 of 205 optimizations enabled from <port>\runtime\p36-ga1\config\bons_and_furious.properties 
[01:05:46.020] [main/INFO] [GeneratorAccelerator Mixin/]: Disable mixin: dev.sixik.generator_accelerator.common.biome.mixin.compat.biolith.Biolith$AllOfCriterion$fast_iter 
[01:05:46.020] [main/INFO] [GeneratorAccelerator Mixin/]: Disable mixin: dev.sixik.generator_accelerator.common.biome.mixin.compat.biolith.Biolith$AnyOfCriterion$fast_iter 
[01:05:46.021] [main/INFO] [GeneratorAccelerator Mixin/]: Disable mixin: dev.sixik.generator_accelerator.common.biome.mixin.compat.biolith.Biolith$MixinSearchTree$fast 
[01:05:46.021] [main/INFO] [GeneratorAccelerator Mixin/]: Disable mixin: dev.sixik.generator_accelerator.common.biome.mixin.compat.biolith.Biolith$SubBiomeRequestAccessor 
[01:05:46.022] [main/INFO] [GeneratorAccelerator Mixin/]: Disable mixin: dev.sixik.generator_accelerator.common.biome.mixin.compat.biolith.Biolith$SubBiomeRequestSet$fast_iter 
[01:05:46.022] [main/INFO] [GeneratorAccelerator Mixin/]: Disable mixin: dev.sixik.generator_accelerator.common.biome.mixin.compat.terrablender.Terrablender$Area$lock_free_cache 
[01:05:46.022] [main/INFO] [GeneratorAccelerator Mixin/]: Disable mixin: dev.sixik.generator_accelerator.common.biome.mixin.compat.terrablender.Terrablender$AreaContext$thread_local_random 
[01:05:46.023] [main/INFO] [GeneratorAccelerator Mixin/]: Disable mixin: dev.sixik.generator_accelerator.common.biome.mixin.compat.terrablender.Terrablender$MixinBiomeSource$cache_possible_biomes 
[01:05:46.023] [main/INFO] [GeneratorAccelerator Mixin/]: Disable mixin: dev.sixik.generator_accelerator.common.biome.mixin.compat.terrablender.Terrablender$MixinLevelChunkSection$raw_biome_lookup 
[01:05:46.023] [main/INFO] [GeneratorAccelerator Mixin/]: Disable mixin: dev.sixik.generator_accelerator.common.biome.mixin.compat.terrablender.Terrablender$MixinMultiNoiseBiomeSource$raw_biome_resolver 
[01:05:46.023] [main/INFO] [GeneratorAccelerator Mixin/]: Disable mixin: dev.sixik.generator_accelerator.common.biome.mixin.compat.terrablender.Terrablender$MixinNoiseBasedChunkGenerator$reuse_uniqueness 
[01:05:46.024] [main/INFO] [GeneratorAccelerator Mixin/]: Disable mixin: dev.sixik.generator_accelerator.common.biome.mixin.compat.terrablender.Terrablender$MixinParameterList$redirect_search 
[01:05:46.026] [main/INFO] [GeneratorAccelerator Mixin/]: Disable mixin: dev.sixik.generator_accelerator.common.blender.mixin.compats.c2me.c2me$BlenderMixin 
[01:05:46.057] [main/INFO] [GeneratorAccelerator Mixin/]: Disable mixin: dev.sixik.generator_accelerator.common.surface.mixin.compats.biolith.Mixin$Biolith$SurfaceSystem 
[01:05:46.058] [main/INFO] [GeneratorAccelerator Mixin/]: Disable mixin: dev.sixik.generator_accelerator.common.surface.mixin.compats.biomeswevegone.BiomesWeveGone$SurfaceBuilder$fix_compat 
[01:05:46.058] [main/INFO] [GeneratorAccelerator Mixin/]: Disable mixin: dev.sixik.generator_accelerator.common.surface.mixin.compats.natures_spirit.NaturesSpirit$SurfaceBuilderMixin$fix_compat 
[01:05:46.070] [main/INFO] [GeneratorAccelerator Mixin/]: Disable mixin: dev.sixik.generator_accelerator.common.structures.mixin.compats.blueprints.Blueprint$StructurePieceMixin 
[01:05:46.070] [main/INFO] [GeneratorAccelerator Mixin/]: Disable mixin: dev.sixik.generator_accelerator.common.structures.mixin.compats.zeta.Zeta$StructurePiece$Fix 
[01:05:46.105] [main/INFO] [GeneratorAccelerator Mixin/]: Disable mixin: dev.sixik.generator_accelerator.common.features.mixin.compats.accessories.AccessoriesBasedStackHandlerMixin 
[01:05:46.105] [main/INFO] [GeneratorAccelerator Mixin/]: Disable mixin: dev.sixik.generator_accelerator.common.features.mixin.compats.alexscaves.AlexsCaves$ChunkGeneratorMixin$applyBiomeDecoration 
[01:05:46.106] [main/INFO] [GeneratorAccelerator Mixin/]: Disable mixin: dev.sixik.generator_accelerator.common.features.mixin.compats.artifacts.Artifacts$CampsiteHeightRangePlacementMixin 
[01:05:46.106] [main/INFO] [GeneratorAccelerator Mixin/]: Disable mixin: dev.sixik.generator_accelerator.common.features.mixin.compats.biomeswevegone.BiomesWeveGone$BasaltBarreraExtension$fast 
[01:05:46.107] [main/INFO] [GeneratorAccelerator Mixin/]: Disable mixin: dev.sixik.generator_accelerator.common.features.mixin.compats.biomeswevegone.BiomesWeveGone$BlendUtil$fast_edge 
[01:05:46.107] [main/INFO] [GeneratorAccelerator Mixin/]: Disable mixin: dev.sixik.generator_accelerator.common.features.mixin.compats.biomeswevegone.BiomesWeveGone$ChunkStatusTasksMixin$cache_biomes 
[01:05:46.108] [main/INFO] [GeneratorAccelerator Mixin/]: Disable mixin: dev.sixik.generator_accelerator.common.features.mixin.compats.biomeswevegone.BiomesWeveGone$CragGardenExtension$fast 
[01:05:46.109] [main/INFO] [GeneratorAccelerator Mixin/]: Disable mixin: dev.sixik.generator_accelerator.common.features.mixin.compats.biomesoplenty.BiomesOPlenty$WebbingFeatureMixin 
[01:05:46.109] [main/INFO] [GeneratorAccelerator Mixin/]: Disable mixin: dev.sixik.generator_accelerator.common.features.mixin.compats.confluence.Confluence$FeaturePlacementCompatMixin 
[01:05:46.109] [main/INFO] [GeneratorAccelerator Mixin/]: Disable mixin: dev.sixik.generator_accelerator.common.features.mixin.compats.confluence.Confluence$SecretFlagPlacementMixin 
[01:05:46.109] [main/INFO] [GeneratorAccelerator Mixin/]: Disable mixin: dev.sixik.generator_accelerator.common.features.mixin.compats.dynamictrees.DynamicTrees$BasicBranchBlockMixin 
[01:05:46.110] [main/INFO] [GeneratorAccelerator Mixin/]: Disable mixin: dev.sixik.generator_accelerator.common.features.mixin.compats.dynamictrees.DynamicTrees$CaveRootedTreePlacementMixin 
[01:05:46.110] [main/INFO] [GeneratorAccelerator Mixin/]: Disable mixin: dev.sixik.generator_accelerator.common.features.mixin.compats.dynamictrees.DynamicTrees$CaveRootedTreeFeatureMixin 
[01:05:46.111] [main/INFO] [GeneratorAccelerator Mixin/]: Disable mixin: dev.sixik.generator_accelerator.common.features.mixin.compats.dynamictrees.DynamicTrees$CellKits$BasicSolverMixin 
[01:05:46.111] [main/INFO] [GeneratorAccelerator Mixin/]: Disable mixin: dev.sixik.generator_accelerator.common.features.mixin.compats.dynamictrees.DynamicTrees$ChunkTreeHelperMixin 
[01:05:46.112] [main/INFO] [GeneratorAccelerator Mixin/]: Disable mixin: dev.sixik.generator_accelerator.common.features.mixin.compats.dynamictrees.DynamicTrees$DynamicLeavesBlockMixin 
[01:05:46.112] [main/INFO] [GeneratorAccelerator Mixin/]: Disable mixin: dev.sixik.generator_accelerator.common.features.mixin.compats.dynamictrees.DynamicTrees$DynamicTreeFeatureMixin 
[01:05:46.113] [main/INFO] [GeneratorAccelerator Mixin/]: Disable mixin: dev.sixik.generator_accelerator.common.features.mixin.compats.dynamictrees.DynamicTrees$InflatorNodeMixin 
[01:05:46.113] [main/INFO] [GeneratorAccelerator Mixin/]: Disable mixin: dev.sixik.generator_accelerator.common.features.mixin.compats.dynamictrees.DynamicTrees$JoCodeMixin 
[01:05:46.114] [main/INFO] [GeneratorAccelerator Mixin/]: Disable mixin: dev.sixik.generator_accelerator.common.features.mixin.compats.dynamictrees.DynamicTrees$OverworldGroundFinderMixin 
[01:05:46.114] [main/INFO] [GeneratorAccelerator Mixin/]: Disable mixin: dev.sixik.generator_accelerator.common.features.mixin.compats.dynamictrees.DynamicTrees$SubterraneanGroundFinderMixin 
[01:05:46.116] [main/INFO] [GeneratorAccelerator Mixin/]: Disable mixin: dev.sixik.generator_accelerator.common.features.mixin.compats.galosphere.Galosphere$CrystalSpikeFeatureMixin 
[01:05:46.116] [main/INFO] [GeneratorAccelerator Mixin/]: Disable mixin: dev.sixik.generator_accelerator.common.features.mixin.compats.natures_spirit.NaturesSpirit$AlluaudiaFeatureMixin 
[01:05:46.116] [main/INFO] [GeneratorAccelerator Mixin/]: Disable mixin: dev.sixik.generator_accelerator.common.features.mixin.compats.natures_spirit.NaturesSpirit$CoconutTreeDecoratorMixin 
[01:05:46.117] [main/INFO] [GeneratorAccelerator Mixin/]: Disable mixin: dev.sixik.generator_accelerator.common.features.mixin.compats.natures_spirit.NaturesSpirit$GroundedBushFoliagePlacerMixin 
[01:05:46.117] [main/INFO] [GeneratorAccelerator Mixin/]: Disable mixin: dev.sixik.generator_accelerator.common.features.mixin.compats.natures_spirit.NaturesSpirit$JoshuaTreeFeatureMixin 
[01:05:46.118] [main/INFO] [GeneratorAccelerator Mixin/]: Disable mixin: dev.sixik.generator_accelerator.common.features.mixin.compats.natures_spirit.NaturesSpirit$LargePumpkinFeatureMixin 
[01:05:46.119] [main/INFO] [GeneratorAccelerator Mixin/]: Disable mixin: dev.sixik.generator_accelerator.common.features.mixin.compats.natures_spirit.NaturesSpirit$MapleGroundTreeDecoratorMixin 
[01:05:46.119] [main/INFO] [GeneratorAccelerator Mixin/]: Disable mixin: dev.sixik.generator_accelerator.common.features.mixin.compats.natures_spirit.NaturesSpirit$OliveBranchTreeDecoratorMixin 
[01:05:46.119] [main/INFO] [GeneratorAccelerator Mixin/]: Disable mixin: dev.sixik.generator_accelerator.common.features.mixin.compats.natures_spirit.NaturesSpirit$PolyporeFeatureMixin 
[01:05:46.120] [main/INFO] [GeneratorAccelerator Mixin/]: Disable mixin: dev.sixik.generator_accelerator.common.features.mixin.compats.natures_spirit.NaturesSpirit$PolyporeTreeDecoratorMixin 
[01:05:46.120] [main/INFO] [GeneratorAccelerator Mixin/]: Disable mixin: dev.sixik.generator_accelerator.common.features.mixin.compats.natures_spirit.NaturesSpirit$RedwoodBranchTreeDecoratorMixin 
[01:05:46.121] [main/INFO] [GeneratorAccelerator Mixin/]: Disable mixin: dev.sixik.generator_accelerator.common.features.mixin.compats.natures_spirit.NaturesSpirit$SnowTreeDecoratorMixin 
[01:05:46.121] [main/INFO] [GeneratorAccelerator Mixin/]: Disable mixin: dev.sixik.generator_accelerator.common.features.mixin.compats.natures_spirit.NaturesSpirit$TurnipRootFeatureMixin 
[01:05:46.122] [main/INFO] [GeneratorAccelerator Mixin/]: Disable mixin: dev.sixik.generator_accelerator.common.features.mixin.compats.natures_spirit.NaturesSpirit$WisteriaVinesTreeDecoratorMixin 
[01:05:46.122] [main/INFO] [GeneratorAccelerator Mixin/]: Disable mixin: dev.sixik.generator_accelerator.common.features.mixin.compats.natures_spirit.NaturesSpirit$WisteriaFoliagePlacerMixin 
[01:05:46.123] [main/INFO] [GeneratorAccelerator Mixin/]: Disable mixin: dev.sixik.generator_accelerator.common.features.mixin.compats.owo.Mixin$OWO$OreFeature 
[01:05:46.124] [main/INFO] [GeneratorAccelerator Mixin/]: Disable mixin: dev.sixik.generator_accelerator.common.features.mixin.compats.repurposedstructures.Repurposedstructures$MinDistanceFromWorldOriginPlacementMixin 
[01:05:46.124] [main/INFO] [GeneratorAccelerator Mixin/]: Disable mixin: dev.sixik.generator_accelerator.common.features.mixin.compats.repurposedstructures.Repurposedstructures$MinusEightPlacementMixin 
[01:05:46.124] [main/INFO] [GeneratorAccelerator Mixin/]: Disable mixin: dev.sixik.generator_accelerator.common.features.mixin.compats.repurposedstructures.Repurposedstructures$NoVinesInStructuresMixin 
[01:05:46.125] [main/INFO] [GeneratorAccelerator Mixin/]: Disable mixin: dev.sixik.generator_accelerator.common.features.mixin.compats.repurposedstructures.Repurposedstructures$SnapToLowerNonAirPlacementMixin 
[01:05:46.126] [main/INFO] [GeneratorAccelerator Mixin/]: Disable mixin: dev.sixik.generator_accelerator.common.features.mixin.compats.terrainslabs.Mixin$TerrainSlabs$OreFeature 
[01:05:46.127] [main/INFO] [GeneratorAccelerator Mixin/]: Disable mixin: dev.sixik.generator_accelerator.common.features.mixin.compats.waystones.Waystones$WaystonePlacementMixin 
[01:05:46.157] [main/WARN] [mixin/]: Error loading class: com/mrbysco/oreberriesreplanted/worldgen/placement/ChanceRangePlacement (java.lang.ClassNotFoundException: com.mrbysco.oreberriesreplanted.worldgen.placement.ChanceRangePlacement) 
[01:05:46.157] [main/WARN] [mixin/]: @Mixin target com.mrbysco.oreberriesreplanted.worldgen.placement.ChanceRangePlacement was not found generator_accelerator_features.mixins.json:compats.oreberries.Oreberries$ChanceRangePlacementMixin from mod generator_accelerator 
[01:05:46.158] [main/WARN] [mixin/]: Error loading class: mysticmods/roots/worldgen/features/placements/AllAroundLogPlacement (java.lang.ClassNotFoundException: mysticmods.roots.worldgen.features.placements.AllAroundLogPlacement) 
[01:05:46.158] [main/WARN] [mixin/]: @Mixin target mysticmods.roots.worldgen.features.placements.AllAroundLogPlacement was not found generator_accelerator_features.mixins.json:compats.roots.Roots$AllAroundLogPlacementMixin from mod generator_accelerator 
[01:05:46.159] [main/WARN] [mixin/]: Error loading class: mysticmods/roots/worldgen/features/placements/HeightmapYRange (java.lang.ClassNotFoundException: mysticmods.roots.worldgen.features.placements.HeightmapYRange) 
[01:05:46.159] [main/WARN] [mixin/]: @Mixin target mysticmods.roots.worldgen.features.placements.HeightmapYRange was not found generator_accelerator_features.mixins.json:compats.roots.Roots$HeightmapYRangeMixin from mod generator_accelerator 
[01:05:46.160] [main/WARN] [mixin/]: Error loading class: com/yungnickyoung/minecraft/yungsbridges/world/placement/BridgePlacement (java.lang.ClassNotFoundException: com.yungnickyoung.minecraft.yungsbridges.world.placement.BridgePlacement) 
[01:05:46.161] [main/WARN] [mixin/]: @Mixin target com.yungnickyoung.minecraft.yungsbridges.world.placement.BridgePlacement was not found generator_accelerator_features.mixins.json:compats.yungs.bridges.YungsBridge$BridgePlacementMixin from mod generator_accelerator 
[01:05:46.162] [main/WARN] [mixin/]: Error loading class: com/yungnickyoung/minecraft/yungsbridges/world/placement/RngInitializerPlacement (java.lang.ClassNotFoundException: com.yungnickyoung.minecraft.yungsbridges.world.placement.RngInitializerPlacement) 
[01:05:46.162] [main/WARN] [mixin/]: @Mixin target com.yungnickyoung.minecraft.yungsbridges.world.placement.RngInitializerPlacement was not found generator_accelerator_features.mixins.json:compats.yungs.bridges.YungsBridge$RngInitializerPlacementMixin from mod generator_accelerator 
[01:05:46.163] [main/WARN] [mixin/]: Error loading class: com/yungnickyoung/minecraft/yungsextras/world/placement/RngInitializerPlacement (java.lang.ClassNotFoundException: com.yungnickyoung.minecraft.yungsextras.world.placement.RngInitializerPlacement) 
[01:05:46.163] [main/WARN] [mixin/]: @Mixin target com.yungnickyoung.minecraft.yungsextras.world.placement.RngInitializerPlacement was not found generator_accelerator_features.mixins.json:compats.yungs.extras.YungsExtras$RngInitializerPlacementMixin from mod generator_accelerator 
[01:05:46.182] [main/WARN] [mixin/]: Error loading class: net/potionstudios/biomeswevegone/world/level/levelgen/feature/treedecorators/GlowBerryDecorator (java.lang.ClassNotFoundException: net.potionstudios.biomeswevegone.world.level.levelgen.feature.treedecorators.GlowBerryDecorator) 
[01:05:46.183] [main/WARN] [mixin/]: @Mixin target net.potionstudios.biomeswevegone.world.level.levelgen.feature.treedecorators.GlowBerryDecorator was not found generator_accelerator_features.mixins.json:place.tree_decorator.MixinGlowBerryDecorator from mod generator_accelerator 
[01:05:46.184] [main/INFO] [GeneratorAccelerator Mixin/]: Disable mixin: dev.sixik.generator_accelerator.common.chunks.mixin.compats.modernfix.ModernFixChunkMapReleaseProtoChunksMixin 
[01:05:46.184] [main/INFO] [GeneratorAccelerator Mixin/]: Disable mixin: dev.sixik.generator_accelerator.common.chunks.mixin.compats.modernfix.ModernFix$ChunkStatusTasksMixin 
[01:05:46.185] [main/INFO] [GeneratorAccelerator Mixin/]: Disable mixin: dev.sixik.generator_accelerator.common.chunks.mixin.compats.modernfix.ModernFix$GenerationChunkHolderAccessor 
[01:05:46.186] [main/INFO] [GeneratorAccelerator Mixin/]: Disable mixin: dev.sixik.generator_accelerator.common.chunks.mixin.compats.modernfix.ModernFix$ChunkHolderReleaseProtoChunksMixin 
[01:05:46.267] [main/INFO] [Bons and Furious/]: Bons and Furious: vanilla_climate_sample_xz_parts steps aside: Generator Accelerator 1.21.1-1.6.2 makes the same change (MixinClimate$Sampler$raw_sample); net.minecraft.world.level.biome.Climate$Sampler is left unchanged by this switch 
[01:05:46.268] [main/INFO] [Bons and Furious/]: Bons and Furious: vanilla_climate_sample_xz_parts steps aside: Generator Accelerator 1.21.1-1.6.2 makes the same change (MixinClimate$Sampler$raw_sample); net.minecraft.world.level.levelgen.RandomState is left unchanged by this switch 
[01:05:46.406] [main/INFO] [Bons and Furious/]: Bons and Furious: vanilla_noise_column_summary steps aside: Generator Accelerator 1.21.1-1.6.2 makes the same change (MixinNoiseBasedChunkGenerator$optimize_iterate_noise_column); net.minecraft.world.level.levelgen.NoiseBasedChunkGenerator is left unchanged by this switch 
[01:05:46.419] [main/INFO] [Bons and Furious/]: Bons and Furious: vanilla_noise_column_cell_fill steps aside: Generator Accelerator 1.21.1-1.6.2 makes the same change (MixinNoiseChunk); net.minecraft.world.level.levelgen.NoiseBasedChunkGenerator is left unchanged by this switch 
[01:05:46.420] [main/INFO] [Bons and Furious/]: Bons and Furious: vanilla_noise_column_cell_fill steps aside: Generator Accelerator 1.21.1-1.6.2 makes the same change (MixinNoiseChunk); net.minecraft.world.level.levelgen.NoiseChunk is left unchanged by this switch 
[01:05:46.432] [main/INFO] [Bons and Furious/]: Bons and Furious: vanilla_noise_corner_share steps aside: Generator Accelerator 1.21.1-1.6.2 makes the same change (MixinNoiseInterpolator); net.minecraft.world.level.levelgen.NoiseChunk is left unchanged by this switch 
[01:05:46.433] [main/INFO] [Bons and Furious/]: Bons and Furious: vanilla_noise_corner_share steps aside: Generator Accelerator 1.21.1-1.6.2 makes the same change (MixinNoiseInterpolator); net.minecraft.world.level.levelgen.NoiseChunk$NoiseInterpolator is left unchanged by this switch 
[01:05:46.480] [main/INFO] [Bons and Furious/]: Bons and Furious: vanilla_structure_template_hits steps aside: Generator Accelerator 1.21.1-1.6.2 makes the same change (MixinStructureTemplateManager$lru_cache); net.minecraft.world.level.levelgen.structure.templatesystem.StructureTemplateManager is left unchanged by this switch 
[01:05:46.487] [main/INFO] [Bons and Furious/]: Bons and Furious: vanilla_beardifier_influence_bounds steps aside: Generator Accelerator 1.21.1-1.6.2 makes the same change (MixinBeardifier); net.minecraft.world.level.levelgen.Beardifier is left unchanged by this switch 
WARN StatusConsoleListener Advanced terminal features are not available in this environment
[01:05:47] [main/INFO] [MixinExtras|Service/]: Initializing MixinExtras via com.llamalad7.mixinextras.service.MixinExtrasServiceImpl(version=0.5.3).
[01:05:52] [modloading-worker-0/INFO] [Bons and Furious/]: Bons and Furious 1.0.38+mc1.21.1 constructed; 0 switch(es) disabled in <port>\runtime\p36-ga1\config\bons_and_furious.properties
[01:05:52] [modloading-worker-0/INFO] [ne.ne.ne.co.NeoForgeMod/NEOFORGE-MOD]: NeoForge mod loading, version 21.1.252, for MC 1.21.1
[01:05:52] [modloading-worker-0/INFO] [de.si.ge.co.de.co.DensityFunctionCompiler/]: DensityFunctionCompiler initialising - runtime DF JIT pipeline enabling.
[01:05:52] [modloading-worker-0/INFO] [de.si.ge.co.de.co.DensityFunctionCompiler/]: DFC vector: disabled (jdk.incubator.vector not on module path; use --add-modules jdk.incubator.vector to enable)
[01:05:52] [modloading-worker-0/INFO] [de.si.ge.co.de.co.DensityFunctionCompiler/]: DFC native noise: libraryLoaded=false, avx2=false
[01:05:52] [modloading-worker-0/WARN] [de.si.ge.co.de.co.DensityFunctionCompiler/]: DFC native noise: not loaded (unknown reason). Put natives/dfc/prebuilts/<platform>/... or set env DFC_NATIVE_LIBRARY to the absolute path of dfc_native.dll / .so / .dylib.
[01:05:52] [main/INFO] [mojang/YggdrasilAuthenticationService]: Environment: Environment[sessionHost=https://sessionserver.mojang.com, servicesHost=https://api.minecraftservices.com, name=PROD]
[01:05:52] [main/WARN] [minecraft/VanillaPackResourcesBuilder]: Assets URL 'union:/<port>/runtime/p36-ga1/libraries/net/minecraft/server/1.21.1-20240808.144430/server-1.21.1-20240808.144430-srg.jar%23120!/assets/.mcassetsroot' uses unexpected schema
[01:05:52] [main/WARN] [minecraft/VanillaPackResourcesBuilder]: Assets URL 'union:/<port>/runtime/p36-ga1/libraries/net/minecraft/server/1.21.1-20240808.144430/server-1.21.1-20240808.144430-srg.jar%23120!/data/.mcassetsroot' uses unexpected schema
[01:05:52] [main/INFO] [bo.fu.pa.va.StateCodecMemo/]: Bons and Furious: vanilla_state_codec_dispatch_memo applies (block state codecs are built once per block, not once per palette entry)
[01:05:52] [main/INFO] [Generator Accelerator Debug/]: Create FixedPlacement size: 1
[01:05:52] [main/INFO] [Bons and Furious/]: Bons and Furious: vanilla_climate_tree_span_bounds computes climate subtree ranges without intermediate objects
[01:05:52] [main/INFO] [bo.fu.pa.cl.WeakLastResult/]: Bons and Furious: vanilla_climate_last_result_weak applies (climate search trees keep each thread's last leaf weakly, so a closed world's biomes can be freed)
[01:05:52] [main/INFO] [Bons and Furious/]: Bons and Furious: vanilla_climate_tree_sort_keys sorts climate search tree nodes by precomputed keys
[01:05:53] [main/INFO] [minecraft/Main]: No existing world data, creating new world
[01:05:53] [main/INFO] [minecraft/RecipeManager]: Loaded 1290 recipes
[01:05:53] [main/INFO] [minecraft/AdvancementTree]: Loaded 1399 advancements
[01:05:54] [Server thread/INFO] [minecraft/DedicatedServer]: Starting minecraft server version 1.21.1
[01:05:54] [Server thread/INFO] [minecraft/DedicatedServer]: Loading properties
[01:05:54] [Server thread/INFO] [minecraft/DedicatedServer]: Default game type: SURVIVAL
[01:05:54] [Server thread/INFO] [minecraft/MinecraftServer]: Generating keypair
[01:05:54] [Server thread/INFO] [minecraft/DedicatedServer]: Starting Minecraft server on *:25579
[01:05:54] [Server thread/INFO] [minecraft/ServerConnectionListener]: Using default channel type
[01:05:54] [Server thread/WARN] [minecraft/DedicatedServer]: **** SERVER IS RUNNING IN OFFLINE/INSECURE MODE!
[01:05:54] [Server thread/WARN] [minecraft/DedicatedServer]: The server will make no attempt to authenticate usernames. Beware.
[01:05:54] [Server thread/WARN] [minecraft/DedicatedServer]: While this makes the game possible to play without internet access, it also opens up the ability for hackers to connect with any username they choose.
[01:05:54] [Server thread/WARN] [minecraft/DedicatedServer]: To change this, set "online-mode" to "true" in the server.properties file.
[01:05:54] [Server thread/INFO] [minecraft/DedicatedServer]: Preparing level "world"
[01:05:54] [Server thread/INFO] [Bons and Furious/]: Bons and Furious: vanilla_entity_class_count_layer counts 4 entity classes per level for crittersandcompanions_red_panda_gate and fdbosses_spawner_presence_gate
[01:05:54] [Server thread/INFO] [de.si.ge.co.de.co.DensityFunctionCompiler/]: DFC compiled NoiseRouter + Climate.Sampler for RandomState(seed=2a362e31) in 105ms
[01:05:54] [Worker-Main-11/INFO] [Bons and Furious/]: Bons and Furious: vanilla_tag_membership_ids applies (tag tests compare tag numbers; each holder's numbers follow its current tag set)
[01:05:55] [GA-WORKSPACE-1/INFO] [bo.fu.pa.te.ColumnHeightShare/]: Bons and Furious: vanilla_noise_column_cache keeps the original code for world generators with unsupported density function type dev.sixik.generator_accelerator.common.density.compiler.compiler.codegen.CompiledDF_283c143198ec57ad5716/0x0000021e14030800
[01:05:55] [GA-WORKSPACE-2/INFO] [Bons and Furious/]: Bons and Furious: terrain_final_density_reuse steps aside: Generator Accelerator 1.21.1-1.6.2 (NoiseChunkSessionMixin) also changes that call; the visitor of DensityFunction.mapAll in NoiseChunk is left to it
[01:05:55] [GA-WORKSPACE-4/INFO] [bo.fu.pa.wo.AquiferCandidates/]: Bons and Furious: vanilla_aquifer_candidate_cache stands down: NoiseBasedAquifer carries code from dev.sixik.generator_accelerator.common.aquifer.mixin.MixinNoiseBasedAquifer$optimize_noise, which this switch has not verified; every aquifer runs the original computeSubstance
[01:05:55] [GA-WORKSPACE-3/INFO] [Bons and Furious/]: Bons and Furious: vanilla_block_state_air_flag remembers isAir in each block state
[01:05:55] [Worker-Main-11/INFO] [bo.fu.pa.be.EmptyBeardifiers/]: Bons and Furious: worldgen_empty_beardifier_marker stands down: Beardifier carries code from dev.sixik.generator_accelerator.common.beardifier.mixin.MixinBeardifier, which this switch has not verified; every chunk keeps the original beardifier fill
[01:05:56] [GA-NOISE-10/INFO] [Generator Accelerator/]: PLATFORM: NEOFORGE
[01:05:56] [GA-NOISE-10/INFO] [Generator Accelerator/]: STATE REGISTRY SIZE: 26684
[01:05:56] [GA-NOISE-10/INFO] [Generator Accelerator/]: STATE CACHE CAPACITY: 26684
[01:05:56] [Server thread/INFO] [bo.fu.pa.ch.TickingChunkMemo/]: Bons and Furious: vanilla_ticking_chunk_memo applies (each chunk holder remembers its ticking chunk until its future changes)
[01:05:56] [Server thread/INFO] [de.si.ge.co.de.co.DensityFunctionCompiler/]: DFC compiled NoiseRouter + Climate.Sampler for RandomState(seed=2a362e31) in 2ms
[01:05:56] [Server thread/INFO] [de.si.ge.co.de.co.DensityFunctionCompiler/]: DFC compiled NoiseRouter + Climate.Sampler for RandomState(seed=2a362e31) in 2ms
[01:05:56] [Server thread/INFO] [minecraft/MinecraftServer]: Preparing start region for dimension minecraft:overworld
[01:05:56] [GA-WORKSPACE-5/INFO] [minecraft/LoggerChunkProgressListener]: Preparing spawn area: 2%
[01:05:56] [GA-WORKSPACE-4/INFO] [bo.fu.pa.te.ClimateRepeat/]: Bons and Furious: vanilla_climate_sample_repeat keeps the original code for climate samplers with unsupported density function type dev.sixik.generator_accelerator.common.density.compiler.compiler.codegen.CompiledDF_e21969443cc8ab4e6b6b/0x0000021e14031800
[01:05:57] [GA-NOISE-9/INFO] [minecraft/LoggerChunkProgressListener]: Preparing spawn area: 2%
[01:05:57] [GA-WORKSPACE-5/INFO] [minecraft/LoggerChunkProgressListener]: Preparing spawn area: 2%
[01:05:58] [GA-WORKSPACE-2/INFO] [minecraft/LoggerChunkProgressListener]: Preparing spawn area: 40%
